Archive member included to satisfy reference by file (symbol)

c:/devkitPro/libctru/lib\libctru.a(gfx.o)
                              main.o (gfxInitDefault)
c:/devkitPro/libctru/lib\libctru.a(os-versionbin.o)
                              main.o (osGetSystemVersionData)
c:/devkitPro/libctru/lib\libctru.a(console.o)
                              main.o (consoleSelect)
c:/devkitPro/libctru/lib\libctru.a(romfs_dev.o)
                              c:/devkitPro/libctru/lib\libctru.a(os-versionbin.o) (romfsMountFromFile)
c:/devkitPro/libctru/lib\libctru.a(gx.o)
                              c:/devkitPro/libctru/lib\libctru.a(gfx.o) (gxCmdBuf)
c:/devkitPro/libctru/lib\libctru.a(fs.o)
                              main.o (fsInit)
c:/devkitPro/libctru/lib\libctru.a(hid.o)
                              main.o (hidScanInput)
c:/devkitPro/libctru/lib\libctru.a(apt.o)
                              main.o (aptMainLoop)
c:/devkitPro/libctru/lib\libctru.a(am.o)
                              main.o (amInit)
c:/devkitPro/libctru/lib\libctru.a(gspgpu.o)
                              c:/devkitPro/libctru/lib\libctru.a(gfx.o) (gspInit)
c:/devkitPro/libctru/lib\libctru.a(cfgu.o)
                              main.o (cfguInit)
c:/devkitPro/libctru/lib\libctru.a(irrst.o)
                              c:/devkitPro/libctru/lib\libctru.a(hid.o) (irrstScanInput)
c:/devkitPro/libctru/lib\libctru.a(swkbd.o)
                              main.o (swkbdInit)
c:/devkitPro/libctru/lib\libctru.a(utf8_to_utf16.o)
                              c:/devkitPro/libctru/lib\libctru.a(romfs_dev.o) (utf8_to_utf16)
c:/devkitPro/libctru/lib\libctru.a(decode_utf8.o)
                              c:/devkitPro/libctru/lib\libctru.a(utf8_to_utf16.o) (decode_utf8)
c:/devkitPro/libctru/lib\libctru.a(utf16_to_utf8.o)
                              c:/devkitPro/libctru/lib\libctru.a(romfs_dev.o) (utf16_to_utf8)
c:/devkitPro/libctru/lib\libctru.a(encode_utf8.o)
                              c:/devkitPro/libctru/lib\libctru.a(utf16_to_utf8.o) (encode_utf8)
c:/devkitPro/libctru/lib\libctru.a(encode_utf16.o)
                              c:/devkitPro/libctru/lib\libctru.a(utf8_to_utf16.o) (encode_utf16)
c:/devkitPro/libctru/lib\libctru.a(initArgv.o)
                              c:/devkitpro/devkitarm/bin/../lib/gcc/arm-none-eabi/6.3.0/../../../../arm-none-eabi/lib/armv6k/fpu/3dsx_crt0.o (__system_argc)
c:/devkitPro/libctru/lib\libctru.a(initSystem.o)
                              c:/devkitPro/libctru/lib\libctru.a(apt.o) (__system_retAddr)
c:/devkitPro/libctru/lib\libctru.a(svc.o)
                              c:/devkitPro/libctru/lib\libctru.a(apt.o) (svcExitProcess)
c:/devkitPro/libctru/lib\libctru.a(stack_adjust.o)
                              c:/devkitpro/devkitarm/bin/../lib/gcc/arm-none-eabi/6.3.0/../../../../arm-none-eabi/lib/armv6k/fpu/3dsx_crt0.o (initSystem)
c:/devkitPro/libctru/lib\libctru.a(default_font.bin.o)
                              c:/devkitPro/libctru/lib\libctru.a(console.o) (default_font_bin)
c:/devkitPro/libctru/lib\libctru.a(linear.o)
                              c:/devkitPro/libctru/lib\libctru.a(gfx.o) (linearAlloc)
c:/devkitPro/libctru/lib\libctru.a(mappable.o)
                              c:/devkitPro/libctru/lib\libctru.a(gfx.o) (mappableAlloc)
c:/devkitPro/libctru/lib\libctru.a(vram.o)
                              c:/devkitPro/libctru/lib\libctru.a(gfx.o) (vramAlloc)
c:/devkitPro/libctru/lib\libctru.a(thread.o)
                              c:/devkitPro/libctru/lib\libctru.a(apt.o) (threadCreate)
c:/devkitPro/libctru/lib\libctru.a(srv.o)
                              c:/devkitPro/libctru/lib\libctru.a(apt.o) (srvInit)
c:/devkitPro/libctru/lib\libctru.a(os.o)
                              c:/devkitPro/libctru/lib\libctru.a(apt.o) (__ctru_speedup_config)
c:/devkitPro/libctru/lib\libctru.a(env.o)
                              c:/devkitPro/libctru/lib\libctru.a(fs.o) (envGetHandle)
c:/devkitPro/libctru/lib\libctru.a(synchronization.o)
                              c:/devkitPro/libctru/lib\libctru.a(initSystem.o) (__sync_init)
c:/devkitPro/libctru/lib\libctru.a(ptmsysm.o)
                              c:/devkitPro/libctru/lib\libctru.a(os.o) (ptmSysmInit)
c:/devkitPro/libctru/lib\libctru.a(rbtree_find.o)
                              c:/devkitPro/libctru/lib\libctru.a(linear.o) (rbtree_find)
c:/devkitPro/libctru/lib\libctru.a(rbtree_remove.o)
                              c:/devkitPro/libctru/lib\libctru.a(linear.o) (rbtree_remove)
c:/devkitPro/libctru/lib\libctru.a(rbtree_iterator.o)
                              c:/devkitPro/libctru/lib\libctru.a(rbtree_remove.o) (rbtree_node_next)
c:/devkitPro/libctru/lib\libctru.a(rbtree_rotate.o)
                              c:/devkitPro/libctru/lib\libctru.a(rbtree_remove.o) (rbtree_rotate)
c:/devkitPro/libctru/lib\libctru.a(rbtree_insert.o)
                              c:/devkitPro/libctru/lib\libctru.a(linear.o) (rbtree_insert)
c:/devkitPro/libctru/lib\libctru.a(rbtree_init.o)
[...]
Memory Configuration

Name             Origin             Length             Attributes
*default*        0x00000000         0xffffffff

Linker script and memory map

                0x00100000                PROVIDE (__start__, 0x100000)
                0x00100000                . = __start__

.text           0x00100000    0x22b28
 *(.crt0)
 .crt0          0x00100000       0x94 c:/devkitpro/devkitarm/bin/../lib/gcc/arm-none-eabi/6.3.0/../../../../arm-none-eabi/lib/armv6k/fpu/3dsx_crt0.o
                0x00100000                _start
                0x00100008                __service_ptr
                0x0010000c                __apt_appid
                0x00100010                __heap_size
                0x00100014                __linear_heap_size
                0x00100018                __system_arglist
                0x0010001c                __system_runflags
 *(.init)
 .init          0x00100094        0xc c:/devkitpro/devkitarm/bin/../lib/gcc/arm-none-eabi/6.3.0/armv6k/fpu/crti.o
                0x00100094                _init
 .init          0x001000a0        0xc c:/devkitpro/devkitarm/bin/../lib/gcc/arm-none-eabi/6.3.0/armv6k/fpu/crtn.o
                0x001000ac                . = ALIGN (0x4)
 *(.text)
 .text          0x001000ac       0x64 c:/devkitPro/libctru/lib\libctru.a(stack_adjust.o)
                0x001000ac                initSystem
                0x001000f0                __ctru_exit
 .text          0x00100110      0x20c c:/devkitpro/devkitarm/bin/../lib/gcc/arm-none-eabi/6.3.0/armv6k/fpu\libgcc.a(_udivsi3.o)
                0x00100110                __aeabi_uidiv
                0x00100110                __udivsi3
                0x001002fc                __aeabi_uidivmod
 .text          0x0010031c      0x240 c:/devkitpro/devkitarm/bin/../lib/gcc/arm-none-eabi/6.3.0/armv6k/fpu\libgcc.a(_divsi3.o)
                0x0010031c                __divsi3
                0x0010031c                __aeabi_idiv
                0x0010053c                __aeabi_idivmod
 .text          0x0010055c        0x4 c:/devkitpro/devkitarm/bin/../lib/gcc/arm-none-eabi/6.3.0/armv6k/fpu\libgcc.a(_dvmd_tls.o)
                0x0010055c                __aeabi_idiv0
                0x0010055c                __aeabi_ldiv0
 .text          0x00100560      0x3b8 c:/devkitpro/devkitarm/bin/../lib/gcc/arm-none-eabi/6.3.0/armv6k/fpu\libgcc.a(_arm_addsubdf3.o)
                0x00100560                __aeabi_drsub
                0x00100568                __aeabi_dsub
                0x00100568                __subdf3
                0x0010056c                __aeabi_dadd
                0x0010056c                __adddf3
                0x00100818                __floatunsidf
                0x00100818                __aeabi_ui2d
                0x0010083c                __floatsidf
                0x0010083c                __aeabi_i2d
                0x00100864                __aeabi_f2d
                0x00100864                __extendsfdf2
                0x001008a4                __floatundidf
                0x001008a4                __aeabi_ul2d
                0x001008b8                __floatdidf
                0x001008b8                __aeabi_l2d
 .text          0x00100918       0x3c c:/devkitpro/devkitarm/bin/../lib/gcc/arm-none-eabi/6.3.0/armv6k/fpu\libgcc.a(_aeabi_uldivmod.o)
                0x00100918                __aeabi_uldivmod
 *fill*         0x00100954        0xc 
 .text          0x00100960      0x390 c:/devkitpro/devkitarm/bin/../lib/gcc/arm-none-eabi/6.3.0/../../../../arm-none-eabi/lib/armv6k/fpu\libg.a(lib_a-strcmp.o)
                0x00100968                strcmp
 *(.text.*)
 .text.deregister_tm_clones
                0x00100cf0       0x30 c:/devkitpro/devkitarm/bin/../lib/gcc/arm-none-eabi/6.3.0/armv6k/fpu/crtbegin.o
 .text.register_tm_clones
                0x00100d20       0x38 c:/devkitpro/devkitarm/bin/../lib/gcc/arm-none-eabi/6.3.0/armv6k/fpu/crtbegin.o
 .text.__do_global_dtors_aux
                0x00100d58       0x44 c:/devkitpro/devkitarm/bin/../lib/gcc/arm-none-eabi/6.3.0/armv6k/fpu/crtbegin.o
 .text.frame_dummy
                0x00100d9c       0x5c c:/devkitpro/devkitarm/bin/../lib/gcc/arm-none-eabi/6.3.0/armv6k/fpu/crtbegin.o
 .text.getRegion
                0x00100df8       0x5c main.o
                0x00100df8                getRegion
 *fill*         0x00100e54        0x4 
 .text.startup.main
                0x00100e58      0x3d8 main.o
                0x00100e58                main
 .text.gfxSetFramebufferInfo.part.0
                0x00101230       0x8c c:/devkitPro/libctru/lib\libctru.a(gfx.o)
 .text.__get_bytes_per_pixel
                0x001012bc       0x18 c:/devkitPro/libctru/lib\libctru.a(gfx.o)
                0x001012bc                __get_bytes_per_pixel
 .text.gfxSetScreenFormat
                0x001012d4      0x174 c:/devkitPro/libctru/lib\libctru.a(gfx.o)
                0x001012d4                gfxSetScreenFormat
 .text.gfxSetDoubleBuffering
                0x00101448       0x14 c:/devkitPro/libctru/lib\libctru.a(gfx.o)
                0x00101448                gfxSetDoubleBuffering
 .text.gfxSetFramebufferInfo
                0x0010145c       0x70 c:/devkitPro/libctru/lib\libctru.a(gfx.o)
                0x0010145c                gfxSetFramebufferInfo
 .text.gfxWriteFramebufferInfo
                0x001014cc       0x88 c:/devkitPro/libctru/lib\libctru.a(gfx.o)
                0x001014cc                gfxWriteFramebufferInfo
 .text.gfxInit  0x00101554      0x1fc c:/devkitPro/libctru/lib\libctru.a(gfx.o)
                0x00101554                gfxInit
 .text.gfxInitDefault
                0x00101750       0x10 c:/devkitPro/libctru/lib\libctru.a(gfx.o)
                0x00101750                gfxInitDefault
 .text.gfxExit  0x00101760       0xe0 c:/devkitPro/libctru/lib\libctru.a(gfx.o)
                0x00101760                gfxExit
 .text.gfxGetFramebuffer
                0x00101840       0xb0 c:/devkitPro/libctru/lib\libctru.a(gfx.o)
                0x00101840                gfxGetFramebuffer
 .text.gfxFlushBuffers
                0x001018f0       0xc8 c:/devkitPro/libctru/lib\libctru.a(gfx.o)
                0x001018f0                gfxFlushBuffers
 .text.gfxConfigScreen
                0x001019b8       0x70 c:/devkitPro/libctru/lib\libctru.a(gfx.o)
                0x001019b8                gfxConfigScreen
 .text.gfxSwapBuffers
                0x00101a28       0x20 c:/devkitPro/libctru/lib\libctru.a(gfx.o)
                0x00101a28                gfxSwapBuffers
 .text.gfxSwapBuffersGpu
                0x00101a48       0x20 c:/devkitPro/libctru/lib\libctru.a(gfx.o)
                0x00101a48                gfxSwapBuffersGpu
 .text.__read_versionbin.constprop.0
                0x00101a68       0xe0 c:/devkitPro/libctru/lib\libctru.a(os-versionbin.o)
 .text.osGetSystemVersionData
                0x00101b48      0x110 c:/devkitPro/libctru/lib\libctru.a(os-versionbin.o)
                0x00101b48                osGetSystemVersionData
 .text.debug_write
                0x00101c58       0x1c c:/devkitPro/libctru/lib\libctru.a(console.o)
                0x00101c58                debug_write
 .text.consoleSelect
                0x00101c74       0x18 c:/devkitPro/libctru/lib\libctru.a(console.o)
                0x00101c74                consoleSelect
 .text.consoleDrawChar
                0x00101c8c      0x1b0 c:/devkitPro/libctru/lib\libctru.a(console.o)
                0x00101c8c                consoleDrawChar
 .text.consolePrintChar
                0x00101e3c      0x124 c:/devkitPro/libctru/lib\libctru.a(console.o)
                0x00101e3c                consolePrintChar
 .text.consoleCls
                0x00101f60      0x190 c:/devkitPro/libctru/lib\libctru.a(console.o)
 .text.consoleInit
                0x001020f0       0xf8 c:/devkitPro/libctru/lib\libctru.a(console.o)
                0x001020f0                consoleInit
 .text.consoleClearLine
                0x001021e8      0x144 c:/devkitPro/libctru/lib\libctru.a(console.o)
 .text.newRow   0x0010232c       0xbc c:/devkitPro/libctru/lib\libctru.a(console.o)
 .text.con_write
                0x001023e8      0x79c c:/devkitPro/libctru/lib\libctru.a(console.o)
                0x001023e8                con_write
 .text.romfs_seek
                0x00102b84       0xc0 c:/devkitPro/libctru/lib\libctru.a(romfs_dev.o)
 .text.romfs_dirreset
                0x00102c44       0x28 c:/devkitPro/libctru/lib\libctru.a(romfs_dev.o)
 .text.romfs_dirclose
                0x00102c6c        0x8 c:/devkitPro/libctru/lib\libctru.a(romfs_dev.o)
 .text.romfs_fstat
                0x00102c74       0x78 c:/devkitPro/libctru/lib\libctru.a(romfs_dev.o)
 .text._romfs_read_chk
                0x00102cec       0x5c c:/devkitPro/libctru/lib\libctru.a(romfs_dev.o)
 .text.romfs_read
                0x00102d48       0xd0 c:/devkitPro/libctru/lib\libctru.a(romfs_dev.o)
 .text.romfs_free
                0x00102e18       0x84 c:/devkitPro/libctru/lib\libctru.a(romfs_dev.o)
 .text.romfsMountCommon
                0x00102e9c      0x16c c:/devkitPro/libctru/lib\libctru.a(romfs_dev.o)
 .text.romfs_dirnext
                0x00103008      0x248 c:/devkitPro/libctru/lib\libctru.a(romfs_dev.o)
 .text.searchForFile.constprop.7
                0x00103250       0xc0 c:/devkitPro/libctru/lib\libctru.a(romfs_dev.o)
 .text.searchForDir.constprop.8
                0x00103310       0xbc c:/devkitPro/libctru/lib\libctru.a(romfs_dev.o)
 .text.navigateToDir.constprop.6
                0x001033cc      0x1c4 c:/devkitPro/libctru/lib\libctru.a(romfs_dev.o)
 .text.romfs_open
                0x00103590      0x128 c:/devkitPro/libctru/lib\libctru.a(romfs_dev.o)
 .text.romfs_stat
                0x001036b8      0x1fc c:/devkitPro/libctru/lib\libctru.a(romfs_dev.o)
 .text.romfs_chdir
                0x001038b4       0x54 c:/devkitPro/libctru/lib\libctru.a(romfs_dev.o)
 .text.romfs_diropen
                0x00103908       0x78 c:/devkitPro/libctru/lib\libctru.a(romfs_dev.o)
 .text.romfs_close
                0x00103980        0x8 c:/devkitPro/libctru/lib\libctru.a(romfs_dev.o)
 .text.romfsMountFromFile
                0x00103988       0x68 c:/devkitPro/libctru/lib\libctru.a(romfs_dev.o)
                0x00103988                romfsMountFromFile
 .text.romfsUnmount
                0x001039f0       0x78 c:/devkitPro/libctru/lib\libctru.a(romfs_dev.o)
                0x001039f0                romfsUnmount
 .text.fsSessionForArchive.part.0
                0x00103a68       0x28 c:/devkitPro/libctru/lib\libctru.a(fs.o)
 .text.fsInit   0x00103a90       0xc8 c:/devkitPro/libctru/lib\libctru.a(fs.o)
                0x00103a90                fsInit
 .text.fsExit   0x00103b58       0x38 c:/devkitPro/libctru/lib\libctru.a(fs.o)
                0x00103b58                fsExit
 .text.fsExemptFromSession
                0x00103b90       0xa0 c:/devkitPro/libctru/lib\libctru.a(fs.o)
                0x00103b90                fsExemptFromSession
 .text.fsUnexemptFromSession
                0x00103c30       0x54 c:/devkitPro/libctru/lib\libctru.a(fs.o)
                0x00103c30                fsUnexemptFromSession
 .text.FSUSER_OpenFile
                0x00103c84       0xbc c:/devkitPro/libctru/lib\libctru.a(fs.o)
                0x00103c84                FSUSER_OpenFile
 .text.FSUSER_OpenFileDirectly
                0x00103d40       0xd4 c:/devkitPro/libctru/lib\libctru.a(fs.o)
                0x00103d40                FSUSER_OpenFileDirectly
 .text.FSUSER_DeleteFile
                0x00103e14       0xa4 c:/devkitPro/libctru/lib\libctru.a(fs.o)
                0x00103e14                FSUSER_DeleteFile
 .text.FSUSER_RenameFile
                0x00103eb8       0xe0 c:/devkitPro/libctru/lib\libctru.a(fs.o)
                0x00103eb8                FSUSER_RenameFile
 .text.FSUSER_DeleteDirectory
                0x00103f98       0xa4 c:/devkitPro/libctru/lib\libctru.a(fs.o)
                0x00103f98                FSUSER_DeleteDirectory
 .text.FSUSER_CreateFile
                0x0010403c       0xbc c:/devkitPro/libctru/lib\libctru.a(fs.o)
                0x0010403c                FSUSER_CreateFile
 .text.FSUSER_CreateDirectory
                0x001040f8       0xac c:/devkitPro/libctru/lib\libctru.a(fs.o)
                0x001040f8                FSUSER_CreateDirectory
 .text.FSUSER_RenameDirectory
                0x001041a4       0xe0 c:/devkitPro/libctru/lib\libctru.a(fs.o)
                0x001041a4                FSUSER_RenameDirectory
 .text.FSUSER_OpenDirectory
                0x00104284       0xa4 c:/devkitPro/libctru/lib\libctru.a(fs.o)
                0x00104284                FSUSER_OpenDirectory
 .text.FSUSER_OpenArchive
                0x00104328       0x98 c:/devkitPro/libctru/lib\libctru.a(fs.o)
                0x00104328                FSUSER_OpenArchive
 .text.FSUSER_CloseArchive
                0x001043c0       0x74 c:/devkitPro/libctru/lib\libctru.a(fs.o)
                0x001043c0                FSUSER_CloseArchive
 .text.FSUSER_GetSdmcArchiveResource
                0x00104434       0x78 c:/devkitPro/libctru/lib\libctru.a(fs.o)
                0x00104434                FSUSER_GetSdmcArchiveResource
 .text.FSUSER_IsSdmcWritable
                0x001044ac       0x64 c:/devkitPro/libctru/lib\libctru.a(fs.o)
                0x001044ac                FSUSER_IsSdmcWritable
 .text.FSUSER_GetArchiveResource
                0x00104510       0x7c c:/devkitPro/libctru/lib\libctru.a(fs.o)
                0x00104510                FSUSER_GetArchiveResource
 .text.FSFILE_Read
                0x0010458c       0x5c c:/devkitPro/libctru/lib\libctru.a(fs.o)
                0x0010458c                FSFILE_Read
 .text.FSFILE_Write
                0x001045e8       0x64 c:/devkitPro/libctru/lib\libctru.a(fs.o)
                0x001045e8                FSFILE_Write
 .text.FSFILE_GetSize
                0x0010464c       0x3c c:/devkitPro/libctru/lib\libctru.a(fs.o)
                0x0010464c                FSFILE_GetSize
 .text.FSFILE_SetSize
                0x00104688       0x2c c:/devkitPro/libctru/lib\libctru.a(fs.o)
                0x00104688                FSFILE_SetSize
 .text.FSFILE_Close
                0x001046b4       0x3c c:/devkitPro/libctru/lib\libctru.a(fs.o)
                0x001046b4                FSFILE_Close
 .text.FSFILE_Flush
                0x001046f0       0x24 c:/devkitPro/libctru/lib\libctru.a(fs.o)
                0x001046f0                FSFILE_Flush
 .text.FSDIR_Read
                0x00104714       0x54 c:/devkitPro/libctru/lib\libctru.a(fs.o)
                0x00104714                FSDIR_Read
 .text.FSDIR_Close
                0x00104768       0x3c c:/devkitPro/libctru/lib\libctru.a(fs.o)
                0x00104768                FSDIR_Close
 .text.hidExit  0x001047a4       0xd0 c:/devkitPro/libctru/lib\libctru.a(hid.o)
                0x001047a4                hidExit
 .text.hidScanInput
                0x00104874      0x234 c:/devkitPro/libctru/lib\libctru.a(hid.o)
                0x00104874                hidScanInput
 .text.hidKeysDown
                0x00104aa8       0x10 c:/devkitPro/libctru/lib\libctru.a(hid.o)
                0x00104aa8                hidKeysDown
 .text.HIDUSER_GetHandles
                0x00104ab8       0x90 c:/devkitPro/libctru/lib\libctru.a(hid.o)
                0x00104ab8                HIDUSER_GetHandles
 .text.hidInit  0x00104b48      0x18c c:/devkitPro/libctru/lib\libctru.a(hid.o)
                0x00104b48                hidInit
 .text._aptDebug
                0x00104cd4        0x4 c:/devkitPro/libctru/lib\libctru.a(apt.o)
                0x00104cd4                _aptDebug
 .text.aptSendCommand
                0x00104cd8      0x130 c:/devkitPro/libctru/lib\libctru.a(apt.o)
                0x00104cd8                aptSendCommand
 .text.aptExitProcess
                0x00104e08       0x3c c:/devkitPro/libctru/lib\libctru.a(apt.o)
 .text.aptSetMessageCallback
                0x00104e44       0x14 c:/devkitPro/libctru/lib\libctru.a(apt.o)
                0x00104e44                aptSetMessageCallback
 .text.APT_InquireNotification
                0x00104e58       0x4c c:/devkitPro/libctru/lib\libctru.a(apt.o)
                0x00104e58                APT_InquireNotification
 .text.aptEventHandler
                0x00104ea4      0x19c c:/devkitPro/libctru/lib\libctru.a(apt.o)
 .text.APT_AppletUtility
                0x00105040       0x74 c:/devkitPro/libctru/lib\libctru.a(apt.o)
                0x00105040                APT_AppletUtility
 .text.aptSetSleepAllowed
                0x001050b4       0xb4 c:/devkitPro/libctru/lib\libctru.a(apt.o)
                0x001050b4                aptSetSleepAllowed
 .text.APT_GlanceParameter
                0x00105168       0xb4 c:/devkitPro/libctru/lib\libctru.a(apt.o)
                0x00105168                APT_GlanceParameter
 .text.APT_ReceiveParameter
                0x0010521c       0xc0 c:/devkitPro/libctru/lib\libctru.a(apt.o)
                0x0010521c                APT_ReceiveParameter
 .text.aptReceiveParameter.constprop.1
                0x001052dc       0xa8 c:/devkitPro/libctru/lib\libctru.a(apt.o)
 *fill*         0x00105384        0x4 
 .text.aptScreenTransfer
                0x00105388      0x1ec c:/devkitPro/libctru/lib\libctru.a(apt.o)
 .text.aptWaitForWakeUp
                0x00105574      0x228 c:/devkitPro/libctru/lib\libctru.a(apt.o)
 .text.APT_SendParameter
                0x0010579c       0x58 c:/devkitPro/libctru/lib\libctru.a(apt.o)
                0x0010579c                APT_SendParameter
 .text.APT_CancelParameter
                0x001057f4       0x70 c:/devkitPro/libctru/lib\libctru.a(apt.o)
                0x001057f4                APT_CancelParameter
 .text.aptInit  0x00105864      0x230 c:/devkitPro/libctru/lib\libctru.a(apt.o)
                0x00105864                aptInit
 .text.aptClearParamQueue
                0x00105a94       0x8c c:/devkitPro/libctru/lib\libctru.a(apt.o)
 .text.aptMainLoop
                0x00105b20      0x214 c:/devkitPro/libctru/lib\libctru.a(apt.o)
                0x00105b20                aptMainLoop
 .text.aptExit  0x00105d34      0x148 c:/devkitPro/libctru/lib\libctru.a(apt.o)
                0x00105d34                aptExit
 .text.aptLaunchLibraryApplet
                0x00105e7c       0xdc c:/devkitPro/libctru/lib\libctru.a(apt.o)
                0x00105e7c                aptLaunchLibraryApplet
 .text.APT_CheckNew3DS
                0x00105f58       0x70 c:/devkitPro/libctru/lib\libctru.a(apt.o)
                0x00105f58                APT_CheckNew3DS
 .text.amInit   0x00105fc8       0xa0 c:/devkitPro/libctru/lib\libctru.a(am.o)
                0x00105fc8                amInit
 .text.amExit   0x00106068       0x34 c:/devkitPro/libctru/lib\libctru.a(am.o)
                0x00106068                amExit
 .text.AM_GetTitleCount
                0x0010609c       0x48 c:/devkitPro/libctru/lib\libctru.a(am.o)
                0x0010609c                AM_GetTitleCount
 .text.gspEventThreadMain
                0x001060e4      0x160 c:/devkitPro/libctru/lib\libctru.a(gspgpu.o)
 .text.gspInit  0x00106244       0x74 c:/devkitPro/libctru/lib\libctru.a(gspgpu.o)
                0x00106244                gspInit
 .text.gspExit  0x001062b8       0x3c c:/devkitPro/libctru/lib\libctru.a(gspgpu.o)
                0x001062b8                gspExit
 .text.gspInitEventHandler
                0x001062f4       0x88 c:/devkitPro/libctru/lib\libctru.a(gspgpu.o)
                0x001062f4                gspInitEventHandler
 .text.gspExitEventHandler
                0x0010637c       0x30 c:/devkitPro/libctru/lib\libctru.a(gspgpu.o)
                0x0010637c                gspExitEventHandler
 .text.gspWaitForEvent
                0x001063ac       0x44 c:/devkitPro/libctru/lib\libctru.a(gspgpu.o)
                0x001063ac                gspWaitForEvent
 .text.GSPGPU_SetBufferSwap
                0x001063f0       0x6c c:/devkitPro/libctru/lib\libctru.a(gspgpu.o)
                0x001063f0                GSPGPU_SetBufferSwap
 .text.GSPGPU_FlushDataCache
                0x0010645c       0x4c c:/devkitPro/libctru/lib\libctru.a(gspgpu.o)
                0x0010645c                GSPGPU_FlushDataCache
 .text.GSPGPU_SetLcdForceBlack
                0x001064a8       0x34 c:/devkitPro/libctru/lib\libctru.a(gspgpu.o)
                0x001064a8                GSPGPU_SetLcdForceBlack
 .text.GSPGPU_RegisterInterruptRelayQueue
                0x001064dc       0x64 c:/devkitPro/libctru/lib\libctru.a(gspgpu.o)
                0x001064dc                GSPGPU_RegisterInterruptRelayQueue
 .text.GSPGPU_UnregisterInterruptRelayQueue
                0x00106540       0x2c c:/devkitPro/libctru/lib\libctru.a(gspgpu.o)
                0x00106540                GSPGPU_UnregisterInterruptRelayQueue
 .text.GSPGPU_AcquireRight
                0x0010656c       0x48 c:/devkitPro/libctru/lib\libctru.a(gspgpu.o)
                0x0010656c                GSPGPU_AcquireRight
 .text.GSPGPU_ReleaseRight
                0x001065b4       0x2c c:/devkitPro/libctru/lib\libctru.a(gspgpu.o)
                0x001065b4                GSPGPU_ReleaseRight
 .text.GSPGPU_ImportDisplayCaptureInfo
                0x001065e0       0x80 c:/devkitPro/libctru/lib\libctru.a(gspgpu.o)
                0x001065e0                GSPGPU_ImportDisplayCaptureInfo
 .text.GSPGPU_SaveVramSysArea
                0x00106660       0x2c c:/devkitPro/libctru/lib\libctru.a(gspgpu.o)
                0x00106660                GSPGPU_SaveVramSysArea
 .text.GSPGPU_RestoreVramSysArea
                0x0010668c       0x2c c:/devkitPro/libctru/lib\libctru.a(gspgpu.o)
                0x0010668c                GSPGPU_RestoreVramSysArea
 .text.cfguInit
                0x001066b8       0xa0 c:/devkitPro/libctru/lib\libctru.a(cfgu.o)
                0x001066b8                cfguInit
 .text.cfguExit
                0x00106758       0x34 c:/devkitPro/libctru/lib\libctru.a(cfgu.o)
                0x00106758                cfguExit
 .text.CFGU_SecureInfoGetRegion
                0x0010678c       0x38 c:/devkitPro/libctru/lib\libctru.a(cfgu.o)
                0x0010678c                CFGU_SecureInfoGetRegion
 .text.CFGU_GetSystemModel
                0x001067c4       0x38 c:/devkitPro/libctru/lib\libctru.a(cfgu.o)
                0x001067c4                CFGU_GetSystemModel
 .text.irrstScanInput
                0x001067fc       0xb0 c:/devkitPro/libctru/lib\libctru.a(irrst.o)
                0x001067fc                irrstScanInput
 .text.irrstKeysHeld
                0x001068ac       0x1c c:/devkitPro/libctru/lib\libctru.a(irrst.o)
                0x001068ac                irrstKeysHeld
 .text.IRRST_GetHandles
                0x001068c8       0x50 c:/devkitPro/libctru/lib\libctru.a(irrst.o)
                0x001068c8                IRRST_GetHandles
 .text.irrstInit
                0x00106918      0x150 c:/devkitPro/libctru/lib\libctru.a(irrst.o)
                0x00106918                irrstInit
 .text.IRRST_Shutdown
                0x00106a68       0x2c c:/devkitPro/libctru/lib\libctru.a(irrst.o)
                0x00106a68                IRRST_Shutdown
 .text.irrstExit
                0x00106a94       0xac c:/devkitPro/libctru/lib\libctru.a(irrst.o)
                0x00106a94                irrstExit
 .text.swkbdConvertToUTF16.part.0
                0x00106b40       0x24 c:/devkitPro/libctru/lib\libctru.a(swkbd.o)
 .text.swkbdMessageCallback
                0x00106b64      0x16c c:/devkitPro/libctru/lib\libctru.a(swkbd.o)
 .text.swkbdInit
                0x00106cd0       0x78 c:/devkitPro/libctru/lib\libctru.a(swkbd.o)
                0x00106cd0                swkbdInit
 .text.swkbdSetHintText
                0x00106d48       0x2c c:/devkitPro/libctru/lib\libctru.a(swkbd.o)
                0x00106d48                swkbdSetHintText
 .text.swkbdInputText
                0x00106d74      0x378 c:/devkitPro/libctru/lib\libctru.a(swkbd.o)
                0x00106d74                swkbdInputText
 .text.utf8_to_utf16
                0x001070ec       0xc0 c:/devkitPro/libctru/lib\libctru.a(utf8_to_utf16.o)
                0x001070ec                utf8_to_utf16
 .text.decode_utf8
                0x001071ac      0x138 c:/devkitPro/libctru/lib\libctru.a(decode_utf8.o)
                0x001071ac                decode_utf8
 .text.utf16_to_utf8
                0x001072e4       0xe8 c:/devkitPro/libctru/lib\libctru.a(utf16_to_utf8.o)
                0x001072e4                utf16_to_utf8
 .text.encode_utf8
                0x001073cc      0x104 c:/devkitPro/libctru/lib\libctru.a(encode_utf8.o)
                0x001073cc                encode_utf8
 .text.encode_utf16
                0x001074d0       0x68 c:/devkitPro/libctru/lib\libctru.a(encode_utf16.o)
                0x001074d0                encode_utf16
 .text.__system_initArgv
                0x00107538       0xe8 c:/devkitPro/libctru/lib\libctru.a(initArgv.o)
                0x00107538                __system_initArgv
 .text.__libctru_init
                0x00107620       0x38 c:/devkitPro/libctru/lib\libctru.a(initSystem.o)
                0x00107620                __libctru_init
 .text.svcControlMemory
                0x00107658       0x20 c:/devkitPro/libctru/lib\libctru.a(svc.o)
                0x00107658                svcControlMemory
 .text.svcExitProcess
                0x00107678        0x8 c:/devkitPro/libctru/lib\libctru.a(svc.o)
                0x00107678                svcExitProcess
 .text.svcCreateThread
                0x00107680       0x20 c:/devkitPro/libctru/lib\libctru.a(svc.o)
                0x00107680                svcCreateThread
 .text.svcExitThread
                0x001076a0        0x8 c:/devkitPro/libctru/lib\libctru.a(svc.o)
                0x001076a0                svcExitThread
 .text.svcSleepThread
                0x001076a8        0x8 c:/devkitPro/libctru/lib\libctru.a(svc.o)
                0x001076a8                svcSleepThread
 .text.svcReleaseMutex
                0x001076b0        0x8 c:/devkitPro/libctru/lib\libctru.a(svc.o)
                0x001076b0                svcReleaseMutex
 .text.svcCreateEvent
                0x001076b8       0x14 c:/devkitPro/libctru/lib\libctru.a(svc.o)
                0x001076b8                svcCreateEvent
 .text.svcSignalEvent
                0x001076cc        0x8 c:/devkitPro/libctru/lib\libctru.a(svc.o)
                0x001076cc                svcSignalEvent
 .text.svcClearEvent
                0x001076d4        0x8 c:/devkitPro/libctru/lib\libctru.a(svc.o)
                0x001076d4                svcClearEvent
 .text.svcCreateMemoryBlock
                0x001076dc       0x18 c:/devkitPro/libctru/lib\libctru.a(svc.o)
                0x001076dc                svcCreateMemoryBlock
 .text.svcMapMemoryBlock
                0x001076f4        0x8 c:/devkitPro/libctru/lib\libctru.a(svc.o)
                0x001076f4                svcMapMemoryBlock
 .text.svcUnmapMemoryBlock
                0x001076fc        0x8 c:/devkitPro/libctru/lib\libctru.a(svc.o)
                0x001076fc                svcUnmapMemoryBlock
 .text.svcCreateAddressArbiter
                0x00107704       0x14 c:/devkitPro/libctru/lib\libctru.a(svc.o)
                0x00107704                svcCreateAddressArbiter
 .text.svcArbitrateAddress
                0x00107718       0x18 c:/devkitPro/libctru/lib\libctru.a(svc.o)
                0x00107718                svcArbitrateAddress
 .text.svcCloseHandle
                0x00107730        0x8 c:/devkitPro/libctru/lib\libctru.a(svc.o)
                0x00107730                svcCloseHandle
 .text.svcWaitSynchronization
                0x00107738        0x8 c:/devkitPro/libctru/lib\libctru.a(svc.o)
                0x00107738                svcWaitSynchronization
 .text.svcWaitSynchronizationN
                0x00107740       0x28 c:/devkitPro/libctru/lib\libctru.a(svc.o)
                0x00107740                svcWaitSynchronizationN
 .text.svcDuplicateHandle
                0x00107768       0x14 c:/devkitPro/libctru/lib\libctru.a(svc.o)
                0x00107768                svcDuplicateHandle
 .text.svcGetSystemTick
                0x0010777c        0x8 c:/devkitPro/libctru/lib\libctru.a(svc.o)
                0x0010777c                svcGetSystemTick
 .text.svcGetSystemInfo
                0x00107784       0x18 c:/devkitPro/libctru/lib\libctru.a(svc.o)
                0x00107784                svcGetSystemInfo
 .text.svcConnectToPort
                0x0010779c       0x14 c:/devkitPro/libctru/lib\libctru.a(svc.o)
                0x0010779c                svcConnectToPort
 .text.svcSendSyncRequest
                0x001077b0        0x8 c:/devkitPro/libctru/lib\libctru.a(svc.o)
                0x001077b0                svcSendSyncRequest
 .text.svcBreak
                0x001077b8        0x8 c:/devkitPro/libctru/lib\libctru.a(svc.o)
                0x001077b8                svcBreak
 .text.svcOutputDebugString
                0x001077c0        0x8 c:/devkitPro/libctru/lib\libctru.a(svc.o)
                0x001077c0                svcOutputDebugString
 .text._ZL21addrMapNodeComparatorPK11rbtree_nodeS1_
                0x001077c8       0x24 c:/devkitPro/libctru/lib\libctru.a(linear.o)
 .text._ZL21addrMapNodeDestructorP11rbtree_node
                0x001077ec        0x4 c:/devkitPro/libctru/lib\libctru.a(linear.o)
 .text.linearMemAlign
                0x001077f0      0x13c c:/devkitPro/libctru/lib\libctru.a(linear.o)
                0x001077f0                linearMemAlign
 .text.linearAlloc
                0x0010792c        0x8 c:/devkitPro/libctru/lib\libctru.a(linear.o)
                0x0010792c                linearAlloc
 .text.linearFree
                0x00107934       0x50 c:/devkitPro/libctru/lib\libctru.a(linear.o)
                0x00107934                linearFree
 .text._ZL21addrMapNodeComparatorPK11rbtree_nodeS1_
                0x00107984       0x24 c:/devkitPro/libctru/lib\libctru.a(mappable.o)
 .text._ZL21addrMapNodeDestructorP11rbtree_node
                0x001079a8        0x4 c:/devkitPro/libctru/lib\libctru.a(mappable.o)
 .text.mappableAlloc
                0x001079ac       0xf4 c:/devkitPro/libctru/lib\libctru.a(mappable.o)
                0x001079ac                mappableAlloc
 .text.mappableFree
                0x00107aa0       0x50 c:/devkitPro/libctru/lib\libctru.a(mappable.o)
                0x00107aa0                mappableFree
 .text._ZL21addrMapNodeComparatorPK11rbtree_nodeS1_
                0x00107af0       0x24 c:/devkitPro/libctru/lib\libctru.a(vram.o)
 .text._ZL21addrMapNodeDestructorP11rbtree_node
                0x00107b14        0x4 c:/devkitPro/libctru/lib\libctru.a(vram.o)
 .text.vramMemAlign
                0x00107b18      0x12c c:/devkitPro/libctru/lib\libctru.a(vram.o)
                0x00107b18                vramMemAlign
 .text.vramAlloc
                0x00107c44        0x8 c:/devkitPro/libctru/lib\libctru.a(vram.o)
                0x00107c44                vramAlloc
 .text.vramFree
                0x00107c4c       0x50 c:/devkitPro/libctru/lib\libctru.a(vram.o)
                0x00107c4c                vramFree
 .text.threadCreate
                0x00107c9c      0x1bc c:/devkitPro/libctru/lib\libctru.a(thread.o)
                0x00107c9c                threadCreate
 .text.threadJoin
                0x00107e58       0x24 c:/devkitPro/libctru/lib\libctru.a(thread.o)
                0x00107e58                threadJoin
 .text.threadExit
                0x00107e7c       0x70 c:/devkitPro/libctru/lib\libctru.a(thread.o)
                0x00107e7c                threadExit
 .text._thread_begin
                0x00107eec       0x40 c:/devkitPro/libctru/lib\libctru.a(thread.o)
 .text.srvExit  0x00107f2c       0x50 c:/devkitPro/libctru/lib\libctru.a(srv.o)
                0x00107f2c                srvExit
 .text.srvRegisterClient
                0x00107f7c       0x38 c:/devkitPro/libctru/lib\libctru.a(srv.o)
                0x00107f7c                srvRegisterClient
 .text.srvInit  0x00107fb4       0x78 c:/devkitPro/libctru/lib\libctru.a(srv.o)
                0x00107fb4                srvInit
 .text.srvGetServiceHandleDirect
                0x0010802c       0x68 c:/devkitPro/libctru/lib\libctru.a(srv.o)
                0x0010802c                srvGetServiceHandleDirect
 .text.srvGetServiceHandle
                0x00108094       0x38 c:/devkitPro/libctru/lib\libctru.a(srv.o)
                0x00108094                srvGetServiceHandle
 .text.getSysTime
                0x001080cc       0x58 c:/devkitPro/libctru/lib\libctru.a(os.o)
 .text.osGetMemRegionUsed
                0x00108124       0x24 c:/devkitPro/libctru/lib\libctru.a(os.o)
                0x00108124                osGetMemRegionUsed
 .text.__libctru_gtod
                0x00108148       0xf4 c:/devkitPro/libctru/lib\libctru.a(os.o)
                0x00108148                __libctru_gtod
 .text.__ctru_speedup_config
                0x0010823c       0x34 c:/devkitPro/libctru/lib\libctru.a(os.o)
                0x0010823c                __ctru_speedup_config
 .text.envGetHandle
                0x00108270       0x84 c:/devkitPro/libctru/lib\libctru.a(env.o)
                0x00108270                envGetHandle
 .text.envDestroyHandles
                0x001082f4       0x4c c:/devkitPro/libctru/lib\libctru.a(env.o)
                0x001082f4                envDestroyHandles
 .text.LightLock_Unlock.part.1
                0x00108340       0x34 c:/devkitPro/libctru/lib\libctru.a(synchronization.o)
 .text.__sync_init
                0x00108374        0xc c:/devkitPro/libctru/lib\libctru.a(synchronization.o)
                0x00108374                __sync_init
 .text.__sync_fini
                0x00108380       0x18 c:/devkitPro/libctru/lib\libctru.a(synchronization.o)
                0x00108380                __sync_fini
 .text.__sync_get_arbiter
                0x00108398       0x10 c:/devkitPro/libctru/lib\libctru.a(synchronization.o)
                0x00108398                __sync_get_arbiter
 .text.LightLock_Init
                0x001083a8       0x18 c:/devkitPro/libctru/lib\libctru.a(synchronization.o)
                0x001083a8                LightLock_Init
 .text.LightLock_Lock
                0x001083c0       0xa0 c:/devkitPro/libctru/lib\libctru.a(synchronization.o)
                0x001083c0                LightLock_Lock
 .text.LightLock_TryLock
                0x00108460       0x34 c:/devkitPro/libctru/lib\libctru.a(synchronization.o)
                0x00108460                LightLock_TryLock
 .text.LightLock_Unlock
                0x00108494       0x20 c:/devkitPro/libctru/lib\libctru.a(synchronization.o)
                0x00108494                LightLock_Unlock
 .text.RecursiveLock_Init
                0x001084b4       0x24 c:/devkitPro/libctru/lib\libctru.a(synchronization.o)
                0x001084b4                RecursiveLock_Init
 .text.RecursiveLock_Lock
                0x001084d8       0x30 c:/devkitPro/libctru/lib\libctru.a(synchronization.o)
                0x001084d8                RecursiveLock_Lock
 .text.RecursiveLock_TryLock
                0x00108508       0x58 c:/devkitPro/libctru/lib\libctru.a(synchronization.o)
                0x00108508                RecursiveLock_TryLock
 .text.RecursiveLock_Unlock
                0x00108560       0x38 c:/devkitPro/libctru/lib\libctru.a(synchronization.o)
                0x00108560                RecursiveLock_Unlock
 .text.LightEvent_Init
                0x00108598       0x38 c:/devkitPro/libctru/lib\libctru.a(synchronization.o)
                0x00108598                LightEvent_Init
 .text.LightEvent_Clear
                0x001085d0       0x7c c:/devkitPro/libctru/lib\libctru.a(synchronization.o)
                0x001085d0                LightEvent_Clear
 .text.LightEvent_Signal
                0x0010864c       0xdc c:/devkitPro/libctru/lib\libctru.a(synchronization.o)
                0x0010864c                LightEvent_Signal
 .text.LightEvent_Wait
                0x00108728       0xd0 c:/devkitPro/libctru/lib\libctru.a(synchronization.o)
                0x00108728                LightEvent_Wait
 .text.ptmSysmInit
                0x001087f8       0x70 c:/devkitPro/libctru/lib\libctru.a(ptmsysm.o)
                0x001087f8                ptmSysmInit
 .text.ptmSysmExit
                0x00108868       0x34 c:/devkitPro/libctru/lib\libctru.a(ptmsysm.o)
                0x00108868                ptmSysmExit
 .text.PTMSYSM_ConfigureNew3DSCPU
                0x0010889c       0x34 c:/devkitPro/libctru/lib\libctru.a(ptmsysm.o)
                0x0010889c                PTMSYSM_ConfigureNew3DSCPU
 .text.rbtree_find
                0x001088d0       0x70 c:/devkitPro/libctru/lib\libctru.a(rbtree_find.o)
                0x001088d0                rbtree_find
 .text.rbtree_remove
                0x00108940      0x324 c:/devkitPro/libctru/lib\libctru.a(rbtree_remove.o)
                0x00108940                rbtree_remove
 .text.rbtree_node_next
                0x00108c64       0x74 c:/devkitPro/libctru/lib\libctru.a(rbtree_iterator.o)
                0x00108c64                rbtree_node_next
 .text.rbtree_rotate
                0x00108cd8       0x94 c:/devkitPro/libctru/lib\libctru.a(rbtree_rotate.o)
                0x00108cd8                rbtree_rotate
 .text.do_insert
                0x00108d6c      0x18c c:/devkitPro/libctru/lib\libctru.a(rbtree_insert.o)
 .text.rbtree_insert
                0x00108ef8        0x8 c:/devkitPro/libctru/lib\libctru.a(rbtree_insert.o)
                0x00108ef8                rbtree_insert
 .text.rbtree_init
                0x00108f00       0x14 c:/devkitPro/libctru/lib\libctru.a(rbtree_init.o)
                0x00108f00                rbtree_init
 .text.decode_utf16
                0x00108f14       0x60 c:/devkitPro/libctru/lib\libctru.a(decode_utf16.o)
                0x00108f14                decode_utf16
 .text.__libctru_exit
                0x00108f74       0xa4 c:/devkitPro/libctru/lib\libctru.a(ctru_exit.o)
                0x00108f74                __libctru_exit
 .text.__appExit
                0x00109018       0x1c c:/devkitPro/libctru/lib\libctru.a(appExit.o)
                0x00109018                __appExit
 .text.osGetMemRegionSize
                0x00109034       0x58 c:/devkitPro/libctru/lib\libctru.a(allocateHeaps.o)
 .text.__system_allocateHeaps
                0x0010908c      0x104 c:/devkitPro/libctru/lib\libctru.a(allocateHeaps.o)
                0x0010908c                __system_allocateHeaps
 .text.__ctru_get_reent
                0x00109190       0x30 c:/devkitPro/libctru/lib\libctru.a(syscalls.o)
 .text.__system_initSyscalls
                0x001091c0       0xe4 c:/devkitPro/libctru/lib\libctru.a(syscalls.o)
                0x001091c0                __system_initSyscalls
 .text.__appInit
                0x001092a4       0x1c c:/devkitPro/libctru/lib\libctru.a(appInit.o)
                0x001092a4                __appInit
 .text._ZN7MemPool13CoalesceRightEP8MemBlock
                0x001092c0       0x98 c:/devkitPro/libctru/lib\libctru.a(mem_pool.o)
                0x001092c0                MemPool::CoalesceRight(MemBlock*)
 .text._ZN7MemPool8AllocateER8MemChunkmi
                0x00109358      0x178 c:/devkitPro/libctru/lib\libctru.a(mem_pool.o)
                0x00109358                MemPool::Allocate(MemChunk&, unsigned long, int)
 .text._ZN7MemPool10DeallocateERK8MemChunk
                0x001094d0      0x100 c:/devkitPro/libctru/lib\libctru.a(mem_pool.o)
                0x001094d0                MemPool::Deallocate(MemChunk const&)
 .text.sdmc_link
                0x001095d0       0x10 c:/devkitPro/libctru/lib\libctru.a(sdmc_dev.o)
 .text.sdmc_dirreset
                0x001095e0       0x10 c:/devkitPro/libctru/lib\libctru.a(sdmc_dev.o)
 .text.sdmc_fchmod
                0x001095f0       0x10 c:/devkitPro/libctru/lib\libctru.a(sdmc_dev.o)
 .text.error_cmp
                0x00109600       0x24 c:/devkitPro/libctru/lib\libctru.a(sdmc_dev.o)
 .text.sdmc_translate_error
                0x00109624       0x50 c:/devkitPro/libctru/lib\libctru.a(sdmc_dev.o)
 .text.sdmc_fsync
                0x00109674       0x34 c:/devkitPro/libctru/lib\libctru.a(sdmc_dev.o)
 .text.sdmc_ftruncate
                0x001096a8       0x54 c:/devkitPro/libctru/lib\libctru.a(sdmc_dev.o)
 .text.sdmc_statvfs
                0x001096fc       0xb8 c:/devkitPro/libctru/lib\libctru.a(sdmc_dev.o)
 .text.sdmc_dirclose
                0x001097b4       0x38 c:/devkitPro/libctru/lib\libctru.a(sdmc_dev.o)
 .text.sdmc_dirnext
                0x001097ec      0x138 c:/devkitPro/libctru/lib\libctru.a(sdmc_dev.o)
 .text.sdmc_close
                0x00109924       0x34 c:/devkitPro/libctru/lib\libctru.a(sdmc_dev.o)
 .text.sdmc_fstat
                0x00109958       0x74 c:/devkitPro/libctru/lib\libctru.a(sdmc_dev.o)
 .text.sdmc_seek
                0x001099cc       0xd8 c:/devkitPro/libctru/lib\libctru.a(sdmc_dev.o)
 .text.sdmc_read
                0x00109aa4       0x84 c:/devkitPro/libctru/lib\libctru.a(sdmc_dev.o)
 .text.sdmc_write_safe
                0x00109b28      0x110 c:/devkitPro/libctru/lib\libctru.a(sdmc_dev.o)
 .text.sdmc_utf16path
                0x00109c38      0x1b4 c:/devkitPro/libctru/lib\libctru.a(sdmc_dev.o)
 .text.sdmc_rmdir
                0x00109dec       0x74 c:/devkitPro/libctru/lib\libctru.a(sdmc_dev.o)
 .text.sdmc_diropen
                0x00109e60       0xa4 c:/devkitPro/libctru/lib\libctru.a(sdmc_dev.o)
 .text.sdmc_chdir
                0x00109f04       0xa0 c:/devkitPro/libctru/lib\libctru.a(sdmc_dev.o)
 .text.sdmc_mkdir
                0x00109fa4       0x98 c:/devkitPro/libctru/lib\libctru.a(sdmc_dev.o)
 .text.sdmc_rename
                0x0010a03c      0x108 c:/devkitPro/libctru/lib\libctru.a(sdmc_dev.o)
 .text.sdmc_unlink
                0x0010a144       0x74 c:/devkitPro/libctru/lib\libctru.a(sdmc_dev.o)
 .text.sdmc_stat
                0x0010a1b8      0x108 c:/devkitPro/libctru/lib\libctru.a(sdmc_dev.o)
 .text.sdmc_open
                0x0010a2c0      0x188 c:/devkitPro/libctru/lib\libctru.a(sdmc_dev.o)
 .text.sdmc_chmod
                0x0010a448       0x10 c:/devkitPro/libctru/lib\libctru.a(sdmc_dev.o)
 .text.sdmcInit
                0x0010a458      0x15c c:/devkitPro/libctru/lib\libctru.a(sdmc_dev.o)
                0x0010a458                sdmcInit
 .text.sdmcExit
                0x0010a5b4       0x58 c:/devkitPro/libctru/lib\libctru.a(sdmc_dev.o)
                0x0010a5b4                sdmcExit
 .text.__aeabi_read_tp
                0x0010a60c        0xc c:/devkitPro/libctru/lib\libctru.a(readtp.o)
                0x0010a60c                __aeabi_read_tp
 .text.__udivmoddi4
                0x0010a618      0x128 c:/devkitpro/devkitarm/bin/../lib/gcc/arm-none-eabi/6.3.0/armv6k/fpu\libgcc.a(_udivmoddi4.o)
                0x0010a618                __udivmoddi4
 .text.bsearch  0x0010a740       0x74 c:/devkitpro/devkitarm/bin/../lib/gcc/arm-none-eabi/6.3.0/../../../../arm-none-eabi/lib/armv6k/fpu\libg.a(lib_a-bsearch.o)
                0x0010a740                bsearch
 .text.calloc   0x0010a7b4       0x20 c:/devkitpro/devkitarm/bin/../lib/gcc/arm-none-eabi/6.3.0/../../../../arm-none-eabi/lib/armv6k/fpu\libg.a(lib_a-calloc.o)
                0x0010a7b4                calloc
 .text._calloc_r
                0x0010a7d4       0x90 c:/devkitpro/devkitarm/bin/../lib/gcc/arm-none-eabi/6.3.0/../../../../arm-none-eabi/lib/armv6k/fpu\libg.a(lib_a-callocr.o)
                0x0010a7d4                _calloc_r
 .text.__errno  0x0010a864        0xc c:/devkitpro/devkitarm/bin/../lib/gcc/arm-none-eabi/6.3.0/../../../../arm-none-eabi/lib/armv6k/fpu\libg.a(lib_a-errno.o)
                0x0010a864                __errno
 .text._fclose_r
                0x0010a870      0x154 c:/devkitpro/devkitarm/bin/../lib/gcc/arm-none-eabi/6.3.0/../../../../arm-none-eabi/lib/armv6k/fpu\libg.a(lib_a-fclose.o)
                0x0010a870                _fclose_r
 .text.fclose   0x0010a9c4       0x18 c:/devkitpro/devkitarm/bin/../lib/gcc/arm-none-eabi/6.3.0/../../../../arm-none-eabi/lib/armv6k/fpu\libg.a(lib_a-fclose.o)
                0x0010a9c4                fclose
 .text.__sflush_r
                0x0010a9dc      0x254 c:/devkitpro/devkitarm/bin/../lib/gcc/arm-none-eabi/6.3.0/../../../../arm-none-eabi/lib/armv6k/fpu\libg.a(lib_a-fflush.o)
                0x0010a9dc                __sflush_r
 .text._fflush_r
                0x0010ac30       0x94 c:/devkitpro/devkitarm/bin/../lib/gcc/arm-none-eabi/6.3.0/../../../../arm-none-eabi/lib/armv6k/fpu\libg.a(lib_a-fflush.o)
                0x0010ac30                _fflush_r
 .text.fflush   0x0010acc4       0x38 c:/devkitpro/devkitarm/bin/../lib/gcc/arm-none-eabi/6.3.0/../../../../arm-none-eabi/lib/armv6k/fpu\libg.a(lib_a-fflush.o)
                0x0010acc4                fflush
 .text._cleanup_r
                0x0010acfc        0xc c:/devkitpro/devkitarm/bin/../lib/gcc/arm-none-eabi/6.3.0/../../../../arm-none-eabi/lib/armv6k/fpu\libg.a(lib_a-findfp.o)
                0x0010acfc                _cleanup_r
 .text.std.isra.0
                0x0010ad08       0x80 c:/devkitpro/devkitarm/bin/../lib/gcc/arm-none-eabi/6.3.0/../../../../arm-none-eabi/lib/armv6k/fpu\libg.a(lib_a-findfp.o)
 .text.__sfmoreglue
                0x0010ad88       0x48 c:/devkitpro/devkitarm/bin/../lib/gcc/arm-none-eabi/6.3.0/../../../../arm-none-eabi/lib/armv6k/fpu\libg.a(lib_a-findfp.o)
                0x0010ad88                __sfmoreglue
 .text.__sinit  0x0010add0       0x8c c:/devkitpro/devkitarm/bin/../lib/gcc/arm-none-eabi/6.3.0/../../../../arm-none-eabi/lib/armv6k/fpu\libg.a(lib_a-findfp.o)
                0x0010add0                __sinit
 .text.__sfp    0x0010ae5c      0x118 c:/devkitpro/devkitarm/bin/../lib/gcc/arm-none-eabi/6.3.0/../../../../arm-none-eabi/lib/armv6k/fpu\libg.a(lib_a-findfp.o)
                0x0010ae5c                __sfp
 .text.__sfp_lock_acquire
                0x0010af74        0xc c:/devkitpro/devkitarm/bin/../lib/gcc/arm-none-eabi/6.3.0/../../../../arm-none-eabi/lib/armv6k/fpu\libg.a(lib_a-findfp.o)
                0x0010af74                __sfp_lock_acquire
 .text.__sfp_lock_release
                0x0010af80        0xc c:/devkitpro/devkitarm/bin/../lib/gcc/arm-none-eabi/6.3.0/../../../../arm-none-eabi/lib/armv6k/fpu\libg.a(lib_a-findfp.o)
                0x0010af80                __sfp_lock_release
 .text.__libc_fini_array
                0x0010af8c       0x40 c:/devkitpro/devkitarm/bin/../lib/gcc/arm-none-eabi/6.3.0/../../../../arm-none-eabi/lib/armv6k/fpu\libg.a(lib_a-fini.o)
                0x0010af8c                __libc_fini_array
 .text._fopen_r
                0x0010afcc      0x148 c:/devkitpro/devkitarm/bin/../lib/gcc/arm-none-eabi/6.3.0/../../../../arm-none-eabi/lib/armv6k/fpu\libg.a(lib_a-fopen.o)
                0x0010afcc                _fopen_r
 .text.fopen    0x0010b114       0x20 c:/devkitpro/devkitarm/bin/../lib/gcc/arm-none-eabi/6.3.0/../../../../arm-none-eabi/lib/armv6k/fpu\libg.a(lib_a-fopen.o)
                0x0010b114                fopen
 .text._fread_r
                0x0010b134      0x2d4 c:/devkitpro/devkitarm/bin/../lib/gcc/arm-none-eabi/6.3.0/../../../../arm-none-eabi/lib/armv6k/fpu\libg.a(lib_a-fread.o)
                0x0010b134                _fread_r
 .text.fread    0x0010b408       0x38 c:/devkitpro/devkitarm/bin/../lib/gcc/arm-none-eabi/6.3.0/../../../../arm-none-eabi/lib/armv6k/fpu\libg.a(lib_a-fread.o)
                0x0010b408                fread
 .text._malloc_trim_r
                0x0010b440       0xf8 c:/devkitpro/devkitarm/bin/../lib/gcc/arm-none-eabi/6.3.0/../../../../arm-none-eabi/lib/armv6k/fpu\libg.a(lib_a-freer.o)
                0x0010b440                _malloc_trim_r
 .text._free_r  0x0010b538      0x2e4 c:/devkitpro/devkitarm/bin/../lib/gcc/arm-none-eabi/6.3.0/../../../../arm-none-eabi/lib/armv6k/fpu\libg.a(lib_a-freer.o)
                0x0010b538                _free_r
 .text._fseek_r
                0x0010b81c        0x4 c:/devkitpro/devkitarm/bin/../lib/gcc/arm-none-eabi/6.3.0/../../../../arm-none-eabi/lib/armv6k/fpu\libg.a(lib_a-fseek.o)
                0x0010b81c                _fseek_r
 .text._fseeko_r
                0x0010b820      0x5d4 c:/devkitpro/devkitarm/bin/../lib/gcc/arm-none-eabi/6.3.0/../../../../arm-none-eabi/lib/armv6k/fpu\libg.a(lib_a-fseeko.o)
                0x0010b820                _fseeko_r
 .text._fwalk   0x0010bdf4       0x78 c:/devkitpro/devkitarm/bin/../lib/gcc/arm-none-eabi/6.3.0/../../../../arm-none-eabi/lib/armv6k/fpu\libg.a(lib_a-fwalk.o)
                0x0010bdf4                _fwalk
 .text._fwalk_reent
                0x0010be6c       0x80 c:/devkitpro/devkitarm/bin/../lib/gcc/arm-none-eabi/6.3.0/../../../../arm-none-eabi/lib/armv6k/fpu\libg.a(lib_a-fwalk.o)
                0x0010be6c                _fwalk_reent
 .text.__libc_init_array
                0x0010beec       0x78 c:/devkitpro/devkitarm/bin/../lib/gcc/arm-none-eabi/6.3.0/../../../../arm-none-eabi/lib/armv6k/fpu\libg.a(lib_a-init.o)
                0x0010beec                __libc_init_array
 .text.__swhatbuf_r
                0x0010bf64       0x94 c:/devkitpro/devkitarm/bin/../lib/gcc/arm-none-eabi/6.3.0/../../../../arm-none-eabi/lib/armv6k/fpu\libg.a(lib_a-makebuf.o)
                0x0010bf64                __swhatbuf_r
 .text.__smakebuf_r
                0x0010bff8       0xf4 c:/devkitpro/devkitarm/bin/../lib/gcc/arm-none-eabi/6.3.0/../../../../arm-none-eabi/lib/armv6k/fpu\libg.a(lib_a-makebuf.o)
                0x0010bff8                __smakebuf_r
 .text.memalign
                0x0010c0ec       0x20 c:/devkitpro/devkitarm/bin/../lib/gcc/arm-none-eabi/6.3.0/../../../../arm-none-eabi/lib/armv6k/fpu\libg.a(lib_a-malign.o)
                0x0010c0ec                memalign
 .text._memalign_r
                0x0010c10c      0x158 c:/devkitpro/devkitarm/bin/../lib/gcc/arm-none-eabi/6.3.0/../../../../arm-none-eabi/lib/armv6k/fpu\libg.a(lib_a-malignr.o)
                0x0010c10c                _memalign_r
 .text.malloc   0x0010c264       0x18 c:/devkitpro/devkitarm/bin/../lib/gcc/arm-none-eabi/6.3.0/../../../../arm-none-eabi/lib/armv6k/fpu\libg.a(lib_a-malloc.o)
                0x0010c264                malloc
 .text.free     0x0010c27c       0x18 c:/devkitpro/devkitarm/bin/../lib/gcc/arm-none-eabi/6.3.0/../../../../arm-none-eabi/lib/armv6k/fpu\libg.a(lib_a-malloc.o)
                0x0010c27c                free
 .text._malloc_r
                0x0010c294      0x78c c:/devkitpro/devkitarm/bin/../lib/gcc/arm-none-eabi/6.3.0/../../../../arm-none-eabi/lib/armv6k/fpu\libg.a(lib_a-mallocr.o)
                0x0010c294                _malloc_r
 .text.memchr   0x0010ca20      0x104 c:/devkitpro/devkitarm/bin/../lib/gcc/arm-none-eabi/6.3.0/../../../../arm-none-eabi/lib/armv6k/fpu\libg.a(lib_a-memchr-stub.o)
                0x0010ca20                memchr
 .text.memcmp   0x0010cb24       0xe8 c:/devkitpro/devkitarm/bin/../lib/gcc/arm-none-eabi/6.3.0/../../../../arm-none-eabi/lib/armv6k/fpu\libg.a(lib_a-memcmp.o)
                0x0010cb24                memcmp
 .text.memcpy   0x0010cc0c      0x114 c:/devkitpro/devkitarm/bin/../lib/gcc/arm-none-eabi/6.3.0/../../../../arm-none-eabi/lib/armv6k/fpu\libg.a(lib_a-memcpy-stub.o)
                0x0010cc0c                memcpy
 .text.memset   0x0010cd20      0x110 c:/devkitpro/devkitarm/bin/../lib/gcc/arm-none-eabi/6.3.0/../../../../arm-none-eabi/lib/armv6k/fpu\libg.a(lib_a-memset.o)
                0x0010cd20                memset
 .text.__malloc_lock
                0x0010ce30        0xc c:/devkitpro/devkitarm/bin/../lib/gcc/arm-none-eabi/6.3.0/../../../../arm-none-eabi/lib/armv6k/fpu\libg.a(lib_a-mlock.o)
                0x0010ce30                __malloc_lock
 .text.__malloc_unlock
                0x0010ce3c        0xc c:/devkitpro/devkitarm/bin/../lib/gcc/arm-none-eabi/6.3.0/../../../../arm-none-eabi/lib/armv6k/fpu\libg.a(lib_a-mlock.o)
                0x0010ce3c                __malloc_unlock
 .text.printf   0x0010ce48       0x38 c:/devkitpro/devkitarm/bin/../lib/gcc/arm-none-eabi/6.3.0/../../../../arm-none-eabi/lib/armv6k/fpu\libg.a(lib_a-printf.o)
                0x0010ce48                printf
 .text.lflush   0x0010ce80       0x1c c:/devkitpro/devkitarm/bin/../lib/gcc/arm-none-eabi/6.3.0/../../../../arm-none-eabi/lib/armv6k/fpu\libg.a(lib_a-refill.o)
 .text.__srefill_r
                0x0010ce9c      0x1b4 c:/devkitpro/devkitarm/bin/../lib/gcc/arm-none-eabi/6.3.0/../../../../arm-none-eabi/lib/armv6k/fpu\libg.a(lib_a-refill.o)
                0x0010ce9c                __srefill_r
 .text.setvbuf  0x0010d050      0x258 c:/devkitpro/devkitarm/bin/../lib/gcc/arm-none-eabi/6.3.0/../../../../arm-none-eabi/lib/armv6k/fpu\libg.a(lib_a-setvbuf.o)
                0x0010d050                setvbuf
 .text.snprintf
                0x0010d2a8       0xe0 c:/devkitpro/devkitarm/bin/../lib/gcc/arm-none-eabi/6.3.0/../../../../arm-none-eabi/lib/armv6k/fpu\libg.a(lib_a-snprintf.o)
                0x0010d2a8                snprintf
 .text.sscanf   0x0010d388       0x74 c:/devkitpro/devkitarm/bin/../lib/gcc/arm-none-eabi/6.3.0/../../../../arm-none-eabi/lib/armv6k/fpu\libg.a(lib_a-sscanf.o)
                0x0010d388                sscanf
 .text.__sread  0x0010d3fc       0x3c c:/devkitpro/devkitarm/bin/../lib/gcc/arm-none-eabi/6.3.0/../../../../arm-none-eabi/lib/armv6k/fpu\libg.a(lib_a-stdio.o)
                0x0010d3fc                __sread
 .text.__seofread
                0x0010d438        0x8 c:/devkitpro/devkitarm/bin/../lib/gcc/arm-none-eabi/6.3.0/../../../../arm-none-eabi/lib/armv6k/fpu\libg.a(lib_a-stdio.o)
                0x0010d438                __seofread
 .text.__swrite
                0x0010d440       0x64 c:/devkitpro/devkitarm/bin/../lib/gcc/arm-none-eabi/6.3.0/../../../../arm-none-eabi/lib/armv6k/fpu\libg.a(lib_a-stdio.o)
                0x0010d440                __swrite
 .text.__sseek  0x0010d4a4       0x4c c:/devkitpro/devkitarm/bin/../lib/gcc/arm-none-eabi/6.3.0/../../../../arm-none-eabi/lib/armv6k/fpu\libg.a(lib_a-stdio.o)
                0x0010d4a4                __sseek
 .text.__sclose
                0x0010d4f0        0x8 c:/devkitpro/devkitarm/bin/../lib/gcc/arm-none-eabi/6.3.0/../../../../arm-none-eabi/lib/armv6k/fpu\libg.a(lib_a-stdio.o)
                0x0010d4f0                __sclose
 .text.strchr   0x0010d4f8      0x1ac c:/devkitpro/devkitarm/bin/../lib/gcc/arm-none-eabi/6.3.0/../../../../arm-none-eabi/lib/armv6k/fpu\libg.a(lib_a-strchr.o)
                0x0010d4f8                strchr
 .text.strlen   0x0010d6a4       0x5c c:/devkitpro/devkitarm/bin/../lib/gcc/arm-none-eabi/6.3.0/../../../../arm-none-eabi/lib/armv6k/fpu\libg.a(lib_a-strlen-stub.o)
                0x0010d6a4                strlen
 .text.strncat  0x0010d700       0x9c c:/devkitpro/devkitarm/bin/../lib/gcc/arm-none-eabi/6.3.0/../../../../arm-none-eabi/lib/armv6k/fpu\libg.a(lib_a-strncat.o)
                0x0010d700                strncat
 .text.strncmp  0x0010d79c      0x108 c:/devkitpro/devkitarm/bin/../lib/gcc/arm-none-eabi/6.3.0/../../../../arm-none-eabi/lib/armv6k/fpu\libg.a(lib_a-strncmp.o)
                0x0010d79c                strncmp
 .text.strncpy  0x0010d8a4       0xd8 c:/devkitpro/devkitarm/bin/../lib/gcc/arm-none-eabi/6.3.0/../../../../arm-none-eabi/lib/armv6k/fpu\libg.a(lib_a-strncpy.o)
                0x0010d8a4                strncpy
 .text.get_arg  0x0010d97c     0x1624 c:/devkitpro/devkitarm/bin/../lib/gcc/arm-none-eabi/6.3.0/../../../../arm-none-eabi/lib/armv6k/fpu\libg.a(lib_a-svfprintf.o)
 .text._svfprintf_r
                0x0010efa0     0x41c4 c:/devkitpro/devkitarm/bin/../lib/gcc/arm-none-eabi/6.3.0/../../../../arm-none-eabi/lib/armv6k/fpu\libg.a(lib_a-svfprintf.o)
                0x0010efa0                _svfprintf_r
 .text.__ssvfscanf_r
                0x00113164     0x290c c:/devkitpro/devkitarm/bin/../lib/gcc/arm-none-eabi/6.3.0/../../../../arm-none-eabi/lib/armv6k/fpu\libg.a(lib_a-svfscanf.o)
                0x00113164                __ssvfscanf_r
 .text.__sprint_r.part.0
                0x00115a70       0x1c c:/devkitpro/devkitarm/bin/../lib/gcc/arm-none-eabi/6.3.0/../../../../arm-none-eabi/lib/armv6k/fpu\libg.a(lib_a-vfiprintf.o)
 .text.__sprint_r
                0x00115a8c       0x1c c:/devkitpro/devkitarm/bin/../lib/gcc/arm-none-eabi/6.3.0/../../../../arm-none-eabi/lib/armv6k/fpu\libg.a(lib_a-vfiprintf.o)
                0x00115a8c                __sprint_r
 .text.get_arg  0x00115aa8     0x1624 c:/devkitpro/devkitarm/bin/../lib/gcc/arm-none-eabi/6.3.0/../../../../arm-none-eabi/lib/armv6k/fpu\libg.a(lib_a-vfprintf.o)
 *fill*         0x001170cc        0x4 
 .text._vfprintf_r
                0x001170d0     0x4314 c:/devkitpro/devkitarm/bin/../lib/gcc/arm-none-eabi/6.3.0/../../../../arm-none-eabi/lib/armv6k/fpu\libg.a(lib_a-vfprintf.o)
                0x001170d0                _vfprintf_r
 .text.__sbprintf
                0x0011b3e4       0xcc c:/devkitpro/devkitarm/bin/../lib/gcc/arm-none-eabi/6.3.0/../../../../arm-none-eabi/lib/armv6k/fpu\libg.a(lib_a-vfprintf.o)
 .text._wcrtomb_r
                0x0011b4b0       0xa0 c:/devkitpro/devkitarm/bin/../lib/gcc/arm-none-eabi/6.3.0/../../../../arm-none-eabi/lib/armv6k/fpu\libg.a(lib_a-wcrtomb.o)
                0x0011b4b0                _wcrtomb_r
 .text._wcsrtombs_r
                0x0011b550       0x20 c:/devkitpro/devkitarm/bin/../lib/gcc/arm-none-eabi/6.3.0/../../../../arm-none-eabi/lib/armv6k/fpu\libg.a(lib_a-wcsrtombs.o)
                0x0011b550                _wcsrtombs_r
 .text.__swsetup_r
                0x0011b570      0x144 c:/devkitpro/devkitarm/bin/../lib/gcc/arm-none-eabi/6.3.0/../../../../arm-none-eabi/lib/armv6k/fpu\libg.a(lib_a-wsetup.o)
                0x0011b570                __swsetup_r
 .text.quorem   0x0011b6b4      0x1d0 c:/devkitpro/devkitarm/bin/../lib/gcc/arm-none-eabi/6.3.0/../../../../arm-none-eabi/lib/armv6k/fpu\libg.a(lib_a-dtoa.o)
 *fill*         0x0011b884        0x4 
 .text._dtoa_r  0x0011b888     0x1260 c:/devkitpro/devkitarm/bin/../lib/gcc/arm-none-eabi/6.3.0/../../../../arm-none-eabi/lib/armv6k/fpu\libg.a(lib_a-dtoa.o)
                0x0011b888                _dtoa_r
 .text.__sflags
                0x0011cae8       0xb0 c:/devkitpro/devkitarm/bin/../lib/gcc/arm-none-eabi/6.3.0/../../../../arm-none-eabi/lib/armv6k/fpu\libg.a(lib_a-flags.o)
                0x0011cae8                __sflags
 .text.__sfvwrite_r
                0x0011cb98      0x4ac c:/devkitpro/devkitarm/bin/../lib/gcc/arm-none-eabi/6.3.0/../../../../arm-none-eabi/lib/armv6k/fpu\libg.a(lib_a-fvwrite.o)
                0x0011cb98                __sfvwrite_r
 .text.iswspace
                0x0011d044       0x74 c:/devkitpro/devkitarm/bin/../lib/gcc/arm-none-eabi/6.3.0/../../../../arm-none-eabi/lib/armv6k/fpu\libg.a(lib_a-iswspace.o)
                0x0011d044                iswspace
 .text.__jp2uc  0x0011d0b8      0x204 c:/devkitpro/devkitarm/bin/../lib/gcc/arm-none-eabi/6.3.0/../../../../arm-none-eabi/lib/armv6k/fpu\libg.a(lib_a-jp2uc.o)
 .text._jp2uc   0x0011d2bc       0xc8 c:/devkitpro/devkitarm/bin/../lib/gcc/arm-none-eabi/6.3.0/../../../../arm-none-eabi/lib/armv6k/fpu\libg.a(lib_a-jp2uc.o)
                0x0011d2bc                _jp2uc
 .text.__localeconv_l
                0x0011d384        0x8 c:/devkitpro/devkitarm/bin/../lib/gcc/arm-none-eabi/6.3.0/../../../../arm-none-eabi/lib/armv6k/fpu\libg.a(lib_a-localeconv.o)
                0x0011d384                __localeconv_l
 .text._localeconv_r
                0x0011d38c       0x24 c:/devkitpro/devkitarm/bin/../lib/gcc/arm-none-eabi/6.3.0/../../../../arm-none-eabi/lib/armv6k/fpu\libg.a(lib_a-localeconv.o)
                0x0011d38c                _localeconv_r
 .text.__locale_mb_cur_max
                0x0011d3b0       0x24 c:/devkitpro/devkitarm/bin/../lib/gcc/arm-none-eabi/6.3.0/../../../../arm-none-eabi/lib/armv6k/fpu\libg.a(lib_a-locale.o)
                0x0011d3b0                __locale_mb_cur_max
 .text.__locale_ctype_ptr_l
                0x0011d3d4        0x8 c:/devkitpro/devkitarm/bin/../lib/gcc/arm-none-eabi/6.3.0/../../../../arm-none-eabi/lib/armv6k/fpu\libg.a(lib_a-locale.o)
                0x0011d3d4                __locale_ctype_ptr_l
 .text.__locale_ctype_ptr
                0x0011d3dc       0x24 c:/devkitpro/devkitarm/bin/../lib/gcc/arm-none-eabi/6.3.0/../../../../arm-none-eabi/lib/armv6k/fpu\libg.a(lib_a-locale.o)
                0x0011d3dc                __locale_ctype_ptr
 .text._mbrtowc_r
                0x0011d400       0xb4 c:/devkitpro/devkitarm/bin/../lib/gcc/arm-none-eabi/6.3.0/../../../../arm-none-eabi/lib/armv6k/fpu\libg.a(lib_a-mbrtowc.o)
                0x0011d400                _mbrtowc_r
 .text.__utf8_mbtowc
                0x0011d4b4      0x300 c:/devkitpro/devkitarm/bin/../lib/gcc/arm-none-eabi/6.3.0/../../../../arm-none-eabi/lib/armv6k/fpu\libg.a(lib_a-mbtowc_r.o)
                0x0011d4b4                __utf8_mbtowc
 .text.memmove  0x0011d7b4      0x148 c:/devkitpro/devkitarm/bin/../lib/gcc/arm-none-eabi/6.3.0/../../../../arm-none-eabi/lib/armv6k/fpu\libg.a(lib_a-memmove.o)
                0x0011d7b4                memmove
 .text._Balloc  0x0011d8fc       0x88 c:/devkitpro/devkitarm/bin/../lib/gcc/arm-none-eabi/6.3.0/../../../../arm-none-eabi/lib/armv6k/fpu\libg.a(lib_a-mprec.o)
                0x0011d8fc                _Balloc
 .text._Bfree   0x0011d984       0x1c c:/devkitpro/devkitarm/bin/../lib/gcc/arm-none-eabi/6.3.0/../../../../arm-none-eabi/lib/armv6k/fpu\libg.a(lib_a-mprec.o)
                0x0011d984                _Bfree
 .text.__multadd
                0x0011d9a0       0xd8 c:/devkitpro/devkitarm/bin/../lib/gcc/arm-none-eabi/6.3.0/../../../../arm-none-eabi/lib/armv6k/fpu\libg.a(lib_a-mprec.o)
                0x0011d9a0                __multadd
 .text.__s2b    0x0011da78       0xf0 c:/devkitpro/devkitarm/bin/../lib/gcc/arm-none-eabi/6.3.0/../../../../arm-none-eabi/lib/armv6k/fpu\libg.a(lib_a-mprec.o)
                0x0011da78                __s2b
 .text.__hi0bits
                0x0011db68       0x58 c:/devkitpro/devkitarm/bin/../lib/gcc/arm-none-eabi/6.3.0/../../../../arm-none-eabi/lib/armv6k/fpu\libg.a(lib_a-mprec.o)
                0x0011db68                __hi0bits
 .text.__lo0bits
                0x0011dbc0       0x9c c:/devkitpro/devkitarm/bin/../lib/gcc/arm-none-eabi/6.3.0/../../../../arm-none-eabi/lib/armv6k/fpu\libg.a(lib_a-mprec.o)
                0x0011dbc0                __lo0bits
 .text.__i2b    0x0011dc5c       0x20 c:/devkitpro/devkitarm/bin/../lib/gcc/arm-none-eabi/6.3.0/../../../../arm-none-eabi/lib/armv6k/fpu\libg.a(lib_a-mprec.o)
                0x0011dc5c                __i2b
 .text.__multiply
                0x0011dc7c      0x1cc c:/devkitpro/devkitarm/bin/../lib/gcc/arm-none-eabi/6.3.0/../../../../arm-none-eabi/lib/armv6k/fpu\libg.a(lib_a-mprec.o)
                0x0011dc7c                __multiply
 .text.__pow5mult
                0x0011de48      0x100 c:/devkitpro/devkitarm/bin/../lib/gcc/arm-none-eabi/6.3.0/../../../../arm-none-eabi/lib/armv6k/fpu\libg.a(lib_a-mprec.o)
                0x0011de48                __pow5mult
 .text.__lshift
                0x0011df48       0xe4 c:/devkitpro/devkitarm/bin/../lib/gcc/arm-none-eabi/6.3.0/../../../../arm-none-eabi/lib/armv6k/fpu\libg.a(lib_a-mprec.o)
                0x0011df48                __lshift
 .text.__mcmp   0x0011e02c       0x60 c:/devkitpro/devkitarm/bin/../lib/gcc/arm-none-eabi/6.3.0/../../../../arm-none-eabi/lib/armv6k/fpu\libg.a(lib_a-mprec.o)
                0x0011e02c                __mcmp
 .text.__mdiff  0x0011e08c      0x198 c:/devkitpro/devkitarm/bin/../lib/gcc/arm-none-eabi/6.3.0/../../../../arm-none-eabi/lib/armv6k/fpu\libg.a(lib_a-mprec.o)
                0x0011e08c                __mdiff
 .text.__ulp    0x0011e224       0x78 c:/devkitpro/devkitarm/bin/../lib/gcc/arm-none-eabi/6.3.0/../../../../arm-none-eabi/lib/armv6k/fpu\libg.a(lib_a-mprec.o)
                0x0011e224                __ulp
 .text.__b2d    0x0011e29c       0xd4 c:/devkitpro/devkitarm/bin/../lib/gcc/arm-none-eabi/6.3.0/../../../../arm-none-eabi/lib/armv6k/fpu\libg.a(lib_a-mprec.o)
                0x0011e29c                __b2d
 .text.__d2b    0x0011e370      0x108 c:/devkitpro/devkitarm/bin/../lib/gcc/arm-none-eabi/6.3.0/../../../../arm-none-eabi/lib/armv6k/fpu\libg.a(lib_a-mprec.o)
                0x0011e370                __d2b
 .text.__ratio  0x0011e478       0x7c c:/devkitpro/devkitarm/bin/../lib/gcc/arm-none-eabi/6.3.0/../../../../arm-none-eabi/lib/armv6k/fpu\libg.a(lib_a-mprec.o)
                0x0011e478                __ratio
 .text.__copybits
                0x0011e4f4       0x6c c:/devkitpro/devkitarm/bin/../lib/gcc/arm-none-eabi/6.3.0/../../../../arm-none-eabi/lib/armv6k/fpu\libg.a(lib_a-mprec.o)
                0x0011e4f4                __copybits
 .text.__any_on
                0x0011e560       0x80 c:/devkitpro/devkitarm/bin/../lib/gcc/arm-none-eabi/6.3.0/../../../../arm-none-eabi/lib/armv6k/fpu\libg.a(lib_a-mprec.o)
                0x0011e560                __any_on
 .text._realloc_r
                0x0011e5e0      0x4cc c:/devkitpro/devkitarm/bin/../lib/gcc/arm-none-eabi/6.3.0/../../../../arm-none-eabi/lib/armv6k/fpu\libg.a(lib_a-reallocr.o)
                0x0011e5e0                _realloc_r
 .text.__sccl   0x0011eaac       0xcc c:/devkitpro/devkitarm/bin/../lib/gcc/arm-none-eabi/6.3.0/../../../../arm-none-eabi/lib/armv6k/fpu\libg.a(lib_a-sccl.o)
                0x0011eaac                __sccl
 .text.nanf     0x0011eb78        0xc c:/devkitpro/devkitarm/bin/../lib/gcc/arm-none-eabi/6.3.0/../../../../arm-none-eabi/lib/armv6k/fpu\libg.a(lib_a-sf_nan.o)
                0x0011eb78                nanf
 *fill*         0x0011eb84        0x4 
 .text.frexp    0x0011eb88       0x9c c:/devkitpro/devkitarm/bin/../lib/gcc/arm-none-eabi/6.3.0/../../../../arm-none-eabi/lib/armv6k/fpu\libg.a(lib_a-s_frexp.o)
                0x0011eb88                frexp
 .text.sprintf  0x0011ec24       0x68 c:/devkitpro/devkitarm/bin/../lib/gcc/arm-none-eabi/6.3.0/../../../../arm-none-eabi/lib/armv6k/fpu\libg.a(lib_a-sprintf.o)
                0x0011ec24                sprintf
 .text.stpncpy  0x0011ec8c      0x100 c:/devkitpro/devkitarm/bin/../lib/gcc/arm-none-eabi/6.3.0/../../../../arm-none-eabi/lib/armv6k/fpu\libg.a(lib_a-stpncpy.o)
                0x0011ec8c                stpncpy
 .text.unlikely.sulp
                0x0011ed8c       0x54 c:/devkitpro/devkitarm/bin/../lib/gcc/arm-none-eabi/6.3.0/../../../../arm-none-eabi/lib/armv6k/fpu\libg.a(lib_a-strtod.o)
 .text._strtod_l
                0x0011ede0     0x1434 c:/devkitpro/devkitarm/bin/../lib/gcc/arm-none-eabi/6.3.0/../../../../arm-none-eabi/lib/armv6k/fpu\libg.a(lib_a-strtod.o)
                0x0011ede0                _strtod_l
 .text._strtod_r
                0x00120214       0x3c c:/devkitpro/devkitarm/bin/../lib/gcc/arm-none-eabi/6.3.0/../../../../arm-none-eabi/lib/armv6k/fpu\libg.a(lib_a-strtod.o)
                0x00120214                _strtod_r
 .text._strtoll_l.isra.0
                0x00120250      0x2dc c:/devkitpro/devkitarm/bin/../lib/gcc/arm-none-eabi/6.3.0/../../../../arm-none-eabi/lib/armv6k/fpu\libg.a(lib_a-strtoll.o)
 .text._strtoll_r
                0x0012052c       0x50 c:/devkitpro/devkitarm/bin/../lib/gcc/arm-none-eabi/6.3.0/../../../../arm-none-eabi/lib/armv6k/fpu\libg.a(lib_a-strtoll.o)
                0x0012052c                _strtoll_r
 .text._strtol_l.isra.0
                0x0012057c      0x220 c:/devkitpro/devkitarm/bin/../lib/gcc/arm-none-eabi/6.3.0/../../../../arm-none-eabi/lib/armv6k/fpu\libg.a(lib_a-strtol.o)
 .text._strtol_r
                0x0012079c       0x50 c:/devkitpro/devkitarm/bin/../lib/gcc/arm-none-eabi/6.3.0/../../../../arm-none-eabi/lib/armv6k/fpu\libg.a(lib_a-strtol.o)
                0x0012079c                _strtol_r
 *fill*         0x001207ec        0x4 
 .text._strtoull_l.isra.0
                0x001207f0      0x268 c:/devkitpro/devkitarm/bin/../lib/gcc/arm-none-eabi/6.3.0/../../../../arm-none-eabi/lib/armv6k/fpu\libg.a(lib_a-strtoull.o)
 .text._strtoull_r
                0x00120a58       0x50 c:/devkitpro/devkitarm/bin/../lib/gcc/arm-none-eabi/6.3.0/../../../../arm-none-eabi/lib/armv6k/fpu\libg.a(lib_a-strtoull.o)
                0x00120a58                _strtoull_r
 .text._strtoul_l.isra.0
                0x00120aa8      0x1e4 c:/devkitpro/devkitarm/bin/../lib/gcc/arm-none-eabi/6.3.0/../../../../arm-none-eabi/lib/armv6k/fpu\libg.a(lib_a-strtoul.o)
 .text._strtoul_r
                0x00120c8c       0x50 c:/devkitpro/devkitarm/bin/../lib/gcc/arm-none-eabi/6.3.0/../../../../arm-none-eabi/lib/armv6k/fpu\libg.a(lib_a-strtoul.o)
                0x00120c8c                _strtoul_r
 .text.__ssprint_r
                0x00120cdc      0x188 c:/devkitpro/devkitarm/bin/../lib/gcc/arm-none-eabi/6.3.0/../../../../arm-none-eabi/lib/armv6k/fpu\libg.a(lib_a-svfiprintf.o)
                0x00120cdc                __ssprint_r
 .text._sungetc_r
                0x00120e64       0xe8 c:/devkitpro/devkitarm/bin/../lib/gcc/arm-none-eabi/6.3.0/../../../../arm-none-eabi/lib/armv6k/fpu\libg.a(lib_a-svfiscanf.o)
                0x00120e64                _sungetc_r
 .text.__ssrefill_r
                0x00120f4c       0x6c c:/devkitpro/devkitarm/bin/../lib/gcc/arm-none-eabi/6.3.0/../../../../arm-none-eabi/lib/armv6k/fpu\libg.a(lib_a-svfiscanf.o)
                0x00120f4c                __ssrefill_r
 .text._sfread_r
                0x00120fb8       0xd0 c:/devkitpro/devkitarm/bin/../lib/gcc/arm-none-eabi/6.3.0/../../../../arm-none-eabi/lib/armv6k/fpu\libg.a(lib_a-svfiscanf.o)
                0x00120fb8                _sfread_r
 .text.__submore
                0x00121088       0xa8 c:/devkitpro/devkitarm/bin/../lib/gcc/arm-none-eabi/6.3.0/../../../../arm-none-eabi/lib/armv6k/fpu\libg.a(lib_a-ungetc.o)
                0x00121088                __submore
 .text._wcsnrtombs_l
                0x00121130      0x174 c:/devkitpro/devkitarm/bin/../lib/gcc/arm-none-eabi/6.3.0/../../../../arm-none-eabi/lib/armv6k/fpu\libg.a(lib_a-wcsnrtombs.o)
                0x00121130                _wcsnrtombs_l
 .text._wcsnrtombs_r
                0x001212a4       0x64 c:/devkitpro/devkitarm/bin/../lib/gcc/arm-none-eabi/6.3.0/../../../../arm-none-eabi/lib/armv6k/fpu\libg.a(lib_a-wcsnrtombs.o)
                0x001212a4                _wcsnrtombs_r
 .text.__utf8_wctomb
                0x00121308       0xe8 c:/devkitpro/devkitarm/bin/../lib/gcc/arm-none-eabi/6.3.0/../../../../arm-none-eabi/lib/armv6k/fpu\libg.a(lib_a-wctomb_r.o)
                0x00121308                __utf8_wctomb
 .text.rshift   0x001213f0       0xf0 c:/devkitpro/devkitarm/bin/../lib/gcc/arm-none-eabi/6.3.0/../../../../arm-none-eabi/lib/armv6k/fpu\libg.a(lib_a-gdtoa-gethex.o)
 .text.__gethex
                0x001214e0      0x7f4 c:/devkitpro/devkitarm/bin/../lib/gcc/arm-none-eabi/6.3.0/../../../../arm-none-eabi/lib/armv6k/fpu\libg.a(lib_a-gdtoa-gethex.o)
                0x001214e0                __gethex
 .text.__match  0x00121cd4       0x64 c:/devkitpro/devkitarm/bin/../lib/gcc/arm-none-eabi/6.3.0/../../../../arm-none-eabi/lib/armv6k/fpu\libg.a(lib_a-gdtoa-hexnan.o)
                0x00121cd4                __match
 .text.__hexnan
                0x00121d38      0x264 c:/devkitpro/devkitarm/bin/../lib/gcc/arm-none-eabi/6.3.0/../../../../arm-none-eabi/lib/armv6k/fpu\libg.a(lib_a-gdtoa-hexnan.o)
                0x00121d38                __hexnan
 .text.null_write
                0x00121f9c        0x8 c:/devkitpro/devkitarm/bin/../lib/gcc/arm-none-eabi/6.3.0/../../../../arm-none-eabi/lib/armv6k/fpu\libsysbase.a(iosupport.o)
 .text.setDefaultDevice
                0x00121fa4       0x18 c:/devkitpro/devkitarm/bin/../lib/gcc/arm-none-eabi/6.3.0/../../../../arm-none-eabi/lib/armv6k/fpu\libsysbase.a(iosupport.o)
                0x00121fa4                setDefaultDevice
 .text.FindDevice
                0x00121fbc       0xcc c:/devkitpro/devkitarm/bin/../lib/gcc/arm-none-eabi/6.3.0/../../../../arm-none-eabi/lib/armv6k/fpu\libsysbase.a(iosupport.o)
                0x00121fbc                FindDevice
 .text.RemoveDevice
                0x00122088       0x28 c:/devkitpro/devkitarm/bin/../lib/gcc/arm-none-eabi/6.3.0/../../../../arm-none-eabi/lib/armv6k/fpu\libsysbase.a(iosupport.o)
                0x00122088                RemoveDevice
 .text.AddDevice
                0x001220b0       0x98 c:/devkitpro/devkitarm/bin/../lib/gcc/arm-none-eabi/6.3.0/../../../../arm-none-eabi/lib/armv6k/fpu\libsysbase.a(iosupport.o)
                0x001220b0                AddDevice
 .text._close_r
                0x00122148       0x84 c:/devkitpro/devkitarm/bin/../lib/gcc/arm-none-eabi/6.3.0/../../../../arm-none-eabi/lib/armv6k/fpu\libsysbase.a(close.o)
                0x00122148                _close_r
 .text._fstat_r
                0x001221cc       0x7c c:/devkitpro/devkitarm/bin/../lib/gcc/arm-none-eabi/6.3.0/../../../../arm-none-eabi/lib/armv6k/fpu\libsysbase.a(fstat.o)
                0x001221cc                _fstat_r
 .text._isatty_r
                0x00122248        0x8 c:/devkitpro/devkitarm/bin/../lib/gcc/arm-none-eabi/6.3.0/../../../../arm-none-eabi/lib/armv6k/fpu\libsysbase.a(isatty.o)
                0x00122248                _isatty_r
 .text._lseek_r
                0x00122250       0x90 c:/devkitpro/devkitarm/bin/../lib/gcc/arm-none-eabi/6.3.0/../../../../arm-none-eabi/lib/armv6k/fpu\libsysbase.a(lseek.o)
                0x00122250                _lseek_r
 .text._open_r  0x001222e0       0xc0 c:/devkitpro/devkitarm/bin/../lib/gcc/arm-none-eabi/6.3.0/../../../../arm-none-eabi/lib/armv6k/fpu\libsysbase.a(open.o)
                0x001222e0                _open_r
 .text._read_r  0x001223a0       0x88 c:/devkitpro/devkitarm/bin/../lib/gcc/arm-none-eabi/6.3.0/../../../../arm-none-eabi/lib/armv6k/fpu\libsysbase.a(read.o)
                0x001223a0                _read_r
 .text._sbrk_r  0x00122428       0x70 c:/devkitpro/devkitarm/bin/../lib/gcc/arm-none-eabi/6.3.0/../../../../arm-none-eabi/lib/armv6k/fpu\libsysbase.a(sbrk.o)
                0x00122428                _sbrk_r
 .text._write_r
                0x00122498       0x88 c:/devkitpro/devkitarm/bin/../lib/gcc/arm-none-eabi/6.3.0/../../../../arm-none-eabi/lib/armv6k/fpu\libsysbase.a(write.o)
                0x00122498                _write_r
 .text._concatenate_path
                0x00122520      0x1d4 c:/devkitpro/devkitarm/bin/../lib/gcc/arm-none-eabi/6.3.0/../../../../arm-none-eabi/lib/armv6k/fpu\libsysbase.a(chdir.o)
                0x00122520                _concatenate_path
 .text.chdir    0x001226f4      0x15c c:/devkitpro/devkitarm/bin/../lib/gcc/arm-none-eabi/6.3.0/../../../../arm-none-eabi/lib/armv6k/fpu\libsysbase.a(chdir.o)
                0x001226f4                chdir
 .text.__flockfile
                0x00122850        0x8 c:/devkitpro/devkitarm/bin/../lib/gcc/arm-none-eabi/6.3.0/../../../../arm-none-eabi/lib/armv6k/fpu\libsysbase.a(flock.o)
                0x00122850                __flockfile
 .text.__funlockfile
                0x00122858        0x8 c:/devkitpro/devkitarm/bin/../lib/gcc/arm-none-eabi/6.3.0/../../../../arm-none-eabi/lib/armv6k/fpu\libsysbase.a(flock.o)
                0x00122858                __funlockfile
 .text.__libc_lock_acquire
                0x00122860       0x18 c:/devkitpro/devkitarm/bin/../lib/gcc/arm-none-eabi/6.3.0/../../../../arm-none-eabi/lib/armv6k/fpu\libsysbase.a(syscall_support.o)
                0x00122860                __libc_lock_acquire
 .text.__libc_lock_release
                0x00122878       0x18 c:/devkitpro/devkitarm/bin/../lib/gcc/arm-none-eabi/6.3.0/../../../../arm-none-eabi/lib/armv6k/fpu\libsysbase.a(syscall_support.o)
                0x00122878                __libc_lock_release
 .text.__libc_lock_init_recursive
                0x00122890       0x18 c:/devkitpro/devkitarm/bin/../lib/gcc/arm-none-eabi/6.3.0/../../../../arm-none-eabi/lib/armv6k/fpu\libsysbase.a(syscall_support.o)
                0x00122890                __libc_lock_init_recursive
 .text.__libc_lock_acquire_recursive
                0x001228a8       0x18 c:/devkitpro/devkitarm/bin/../lib/gcc/arm-none-eabi/6.3.0/../../../../arm-none-eabi/lib/armv6k/fpu\libsysbase.a(syscall_support.o)
                0x001228a8                __libc_lock_acquire_recursive
 .text.__libc_lock_release_recursive
                0x001228c0       0x18 c:/devkitpro/devkitarm/bin/../lib/gcc/arm-none-eabi/6.3.0/../../../../arm-none-eabi/lib/armv6k/fpu\libsysbase.a(syscall_support.o)
                0x001228c0                __libc_lock_release_recursive
 .text.__libc_lock_close_recursive
                0x001228d8       0x18 c:/devkitpro/devkitarm/bin/../lib/gcc/arm-none-eabi/6.3.0/../../../../arm-none-eabi/lib/armv6k/fpu\libsysbase.a(syscall_support.o)
                0x001228d8                __libc_lock_close_recursive
 .text.__free_handle
                0x001228f0       0x4c c:/devkitpro/devkitarm/bin/../lib/gcc/arm-none-eabi/6.3.0/../../../../arm-none-eabi/lib/armv6k/fpu\libsysbase.a(handle_manager.o)
                0x001228f0                __free_handle
 .text.__release_handle
                0x0012293c       0x40 c:/devkitpro/devkitarm/bin/../lib/gcc/arm-none-eabi/6.3.0/../../../../arm-none-eabi/lib/armv6k/fpu\libsysbase.a(handle_manager.o)
                0x0012293c                __release_handle
 .text.__alloc_handle
                0x0012297c       0xb4 c:/devkitpro/devkitarm/bin/../lib/gcc/arm-none-eabi/6.3.0/../../../../arm-none-eabi/lib/armv6k/fpu\libsysbase.a(handle_manager.o)
                0x0012297c                __alloc_handle
 .text.__get_handle
                0x00122a30       0x18 c:/devkitpro/devkitarm/bin/../lib/gcc/arm-none-eabi/6.3.0/../../../../arm-none-eabi/lib/armv6k/fpu\libsysbase.a(handle_manager.o)
                0x00122a30                __get_handle
 .text.__getreent
                0x00122a48       0x28 c:/devkitpro/devkitarm/bin/../lib/gcc/arm-none-eabi/6.3.0/../../../../arm-none-eabi/lib/armv6k/fpu\libsysbase.a(getreent.o)
                0x00122a48                __getreent
 .text.strnlen  0x00122a70       0x5c c:/devkitpro/devkitarm/bin/../lib/gcc/arm-none-eabi/6.3.0/../../../../arm-none-eabi/lib/armv6k/fpu\libg.a(lib_a-strnlen.o)
                0x00122a70                strnlen
 .text.strrchr  0x00122acc       0x44 c:/devkitpro/devkitarm/bin/../lib/gcc/arm-none-eabi/6.3.0/../../../../arm-none-eabi/lib/armv6k/fpu\libg.a(lib_a-strrchr.o)
                0x00122acc                strrchr
 *(.glue_7)
 .glue_7        0x00122b10        0x0 linker stubs
 *(.glue_7t)
 .glue_7t       0x00122b10        0x0 linker stubs
 *(.stub)
 *(.gnu.warning)
 *(.gnu.linkonce.t*)
                0x00122b10                . = ALIGN (0x4)
 *(.fini)
 .fini          0x00122b10        0xc c:/devkitpro/devkitarm/bin/../lib/gcc/arm-none-eabi/6.3.0/armv6k/fpu/crti.o
                0x00122b10                _fini
 .fini          0x00122b1c        0xc c:/devkitpro/devkitarm/bin/../lib/gcc/arm-none-eabi/6.3.0/armv6k/fpu/crtn.o
                0x00122b28                . = ALIGN (0x4)

.vfp11_veneer   0x00122b28        0x0
 .vfp11_veneer  0x00122b28        0x0 linker stubs

.v4_bx          0x00122b28        0x0
 .v4_bx         0x00122b28        0x0 linker stubs

.iplt           0x00122b28        0x0
 .iplt          0x00122b28        0x0 c:/devkitpro/devkitarm/bin/../lib/gcc/arm-none-eabi/6.3.0/../../../../arm-none-eabi/lib/armv6k/fpu/3dsx_crt0.o

.rodata         0x00123000     0x4c58
 *(.rodata)
 .rodata        0x00123000       0x20 main.o
 .rodata        0x00123020       0x1c c:/devkitPro/libctru/lib\libctru.a(gfx.o)
 .rodata        0x0012303c       0x38 c:/devkitPro/libctru/lib\libctru.a(os-versionbin.o)
 .rodata        0x00123074      0x168 c:/devkitPro/libctru/lib\libctru.a(console.o)
 .rodata        0x001231dc        0xc c:/devkitPro/libctru/lib\libctru.a(apt.o)
 .rodata        0x001231e8      0x804 c:/devkitPro/libctru/lib\libctru.a(default_font.bin.o)
                0x001231e8                default_font_bin
                0x001239e8                default_font_bin_size
                0x001239e8                default_font_bin_end
 .rodata        0x001239ec       0x3c c:/devkitPro/libctru/lib\libctru.a(sdmc_dev.o)
 *(.roda)
 *(.rodata.*)
 .rodata.str1.4
                0x00123a28      0x51d main.o
 *fill*         0x00123f45        0x3 
 .rodata.str1.4
                0x00123f48       0x27 c:/devkitPro/libctru/lib\libctru.a(os-versionbin.o)
 *fill*         0x00123f6f        0x1 
 .rodata.str1.4
                0x00123f70       0x70 c:/devkitPro/libctru/lib\libctru.a(console.o)
 .rodata.str1.4
                0x00123fe0       0x32 c:/devkitPro/libctru/lib\libctru.a(romfs_dev.o)
                                 0x36 (size before relaxing)
 *fill*         0x00124012        0x2 
 .rodata.str1.4
                0x00124014        0x8 c:/devkitPro/libctru/lib\libctru.a(fs.o)
                                  0x9 (size before relaxing)
 .rodata.str1.4
                0x0012401c       0x15 c:/devkitPro/libctru/lib\libctru.a(hid.o)
 *fill*         0x00124031        0x3 
 .rodata.str1.4
                0x00124034       0x16 c:/devkitPro/libctru/lib\libctru.a(apt.o)
 *fill*         0x0012404a        0x2 
 .rodata.str1.4
                0x0012404c       0x1f c:/devkitPro/libctru/lib\libctru.a(am.o)
 *fill*         0x0012406b        0x1 
 .rodata.str1.4
                0x0012406c        0x9 c:/devkitPro/libctru/lib\libctru.a(gspgpu.o)
 *fill*         0x00124075        0x3 
 .rodata.str1.4
                0x00124078       0x16 c:/devkitPro/libctru/lib\libctru.a(cfgu.o)
 *fill*         0x0012408e        0x2 
 .rodata.str1.4
                0x00124090        0x7 c:/devkitPro/libctru/lib\libctru.a(irrst.o)
 *fill*         0x00124097        0x1 
 .rodata.str1.4
                0x00124098        0x5 c:/devkitPro/libctru/lib\libctru.a(srv.o)
 *fill*         0x0012409d        0x3 
 .rodata.str1.4
                0x001240a0        0x9 c:/devkitPro/libctru/lib\libctru.a(ptmsysm.o)
 *fill*         0x001240a9        0x3 
 .rodata.str1.4
                0x001240ac        0xd c:/devkitPro/libctru/lib\libctru.a(sdmc_dev.o)
                                 0x11 (size before relaxing)
 *fill*         0x001240b9        0x3 
 .rodata._global_impure_ptr
                0x001240bc        0x4 c:/devkitpro/devkitarm/bin/../lib/gcc/arm-none-eabi/6.3.0/../../../../arm-none-eabi/lib/armv6k/fpu\libg.a(lib_a-impure.o)
                0x001240bc                _global_impure_ptr
 .rodata._svfprintf_r.str1.4
                0x001240c0       0x42 c:/devkitpro/devkitarm/bin/../lib/gcc/arm-none-eabi/6.3.0/../../../../arm-none-eabi/lib/armv6k/fpu\libg.a(lib_a-svfprintf.o)
 *fill*         0x00124102        0x2 
 .rodata.blanks.8400
                0x00124104       0x10 c:/devkitpro/devkitarm/bin/../lib/gcc/arm-none-eabi/6.3.0/../../../../arm-none-eabi/lib/armv6k/fpu\libg.a(lib_a-svfprintf.o)
 .rodata.zeroes.8401
                0x00124114       0x10 c:/devkitpro/devkitarm/bin/../lib/gcc/arm-none-eabi/6.3.0/../../../../arm-none-eabi/lib/armv6k/fpu\libg.a(lib_a-svfprintf.o)
 .rodata.__ssvfscanf_r.str1.4
                0x00124124        0x5 c:/devkitpro/devkitarm/bin/../lib/gcc/arm-none-eabi/6.3.0/../../../../arm-none-eabi/lib/armv6k/fpu\libg.a(lib_a-svfscanf.o)
 *fill*         0x00124129        0x3 
 .rodata.basefix.8441
                0x0012412c       0x22 c:/devkitpro/devkitarm/bin/../lib/gcc/arm-none-eabi/6.3.0/../../../../arm-none-eabi/lib/armv6k/fpu\libg.a(lib_a-svfscanf.o)
 .rodata._vfprintf_r.str1.4
                0x0012414e       0x42 c:/devkitpro/devkitarm/bin/../lib/gcc/arm-none-eabi/6.3.0/../../../../arm-none-eabi/lib/armv6k/fpu\libg.a(lib_a-vfprintf.o)
 *fill*         0x0012414e        0x2 
 .rodata.blanks.8415
                0x00124150       0x10 c:/devkitpro/devkitarm/bin/../lib/gcc/arm-none-eabi/6.3.0/../../../../arm-none-eabi/lib/armv6k/fpu\libg.a(lib_a-vfprintf.o)
 .rodata.zeroes.8416
                0x00124160       0x10 c:/devkitpro/devkitarm/bin/../lib/gcc/arm-none-eabi/6.3.0/../../../../arm-none-eabi/lib/armv6k/fpu\libg.a(lib_a-vfprintf.o)
 .rodata._dtoa_r.str1.4
                0x00124170       0x10 c:/devkitpro/devkitarm/bin/../lib/gcc/arm-none-eabi/6.3.0/../../../../arm-none-eabi/lib/armv6k/fpu\libg.a(lib_a-dtoa.o)
                                 0x12 (size before relaxing)
 .rodata._jp2uc.str1.4
                0x00124180       0x12 c:/devkitpro/devkitarm/bin/../lib/gcc/arm-none-eabi/6.3.0/../../../../arm-none-eabi/lib/armv6k/fpu\libg.a(lib_a-jp2uc.o)
 *fill*         0x00124192        0x2 
 .rodata.a1     0x00124194       0xbc c:/devkitpro/devkitarm/bin/../lib/gcc/arm-none-eabi/6.3.0/../../../../arm-none-eabi/lib/armv6k/fpu\libg.a(lib_a-jp2uc.o)
 .rodata.a2     0x00124250       0xbc c:/devkitpro/devkitarm/bin/../lib/gcc/arm-none-eabi/6.3.0/../../../../arm-none-eabi/lib/armv6k/fpu\libg.a(lib_a-jp2uc.o)
 .rodata.a3     0x0012430c       0x5b c:/devkitpro/devkitarm/bin/../lib/gcc/arm-none-eabi/6.3.0/../../../../arm-none-eabi/lib/armv6k/fpu\libg.a(lib_a-jp2uc.o)
 *fill*         0x00124367        0x1 
 .rodata.a6     0x00124368       0x70 c:/devkitpro/devkitarm/bin/../lib/gcc/arm-none-eabi/6.3.0/../../../../arm-none-eabi/lib/armv6k/fpu\libg.a(lib_a-jp2uc.o)
 .rodata.a7     0x001243d8       0xa2 c:/devkitpro/devkitarm/bin/../lib/gcc/arm-none-eabi/6.3.0/../../../../arm-none-eabi/lib/armv6k/fpu\libg.a(lib_a-jp2uc.o)
 *fill*         0x0012447a        0x2 
 .rodata.a8     0x0012447c       0x40 c:/devkitpro/devkitarm/bin/../lib/gcc/arm-none-eabi/6.3.0/../../../../arm-none-eabi/lib/armv6k/fpu\libg.a(lib_a-jp2uc.o)
 .rodata.b02cf  0x001244bc     0x172a c:/devkitpro/devkitarm/bin/../lib/gcc/arm-none-eabi/6.3.0/../../../../arm-none-eabi/lib/armv6k/fpu\libg.a(lib_a-jp2uc.o)
 *fill*         0x00125be6        0x2 
 .rodata.d02f4  0x00125be8     0x1a7c c:/devkitpro/devkitarm/bin/../lib/gcc/arm-none-eabi/6.3.0/../../../../arm-none-eabi/lib/armv6k/fpu\libg.a(lib_a-jp2uc.o)
 .rodata.str1.4
                0x00127664       0x44 c:/devkitpro/devkitarm/bin/../lib/gcc/arm-none-eabi/6.3.0/../../../../arm-none-eabi/lib/armv6k/fpu\libg.a(lib_a-locale.o)
                                 0x4c (size before relaxing)
 .rodata._mbrtowc_r.str1.4
                0x001276a8        0x1 c:/devkitpro/devkitarm/bin/../lib/gcc/arm-none-eabi/6.3.0/../../../../arm-none-eabi/lib/armv6k/fpu\libg.a(lib_a-mbrtowc.o)
 .rodata.__mprec_bigtens
                0x001276a8       0x28 c:/devkitpro/devkitarm/bin/../lib/gcc/arm-none-eabi/6.3.0/../../../../arm-none-eabi/lib/armv6k/fpu\libg.a(lib_a-mprec.o)
                0x001276a8                __mprec_bigtens
 .rodata.__mprec_tens
                0x001276d0       0xc8 c:/devkitpro/devkitarm/bin/../lib/gcc/arm-none-eabi/6.3.0/../../../../arm-none-eabi/lib/armv6k/fpu\libg.a(lib_a-mprec.o)
                0x001276d0                __mprec_tens
 .rodata.p05.7191
                0x00127798        0xc c:/devkitpro/devkitarm/bin/../lib/gcc/arm-none-eabi/6.3.0/../../../../arm-none-eabi/lib/armv6k/fpu\libg.a(lib_a-mprec.o)
 .rodata._strtod_l.str1.4
                0x001277a4        0xf c:/devkitpro/devkitarm/bin/../lib/gcc/arm-none-eabi/6.3.0/../../../../arm-none-eabi/lib/armv6k/fpu\libg.a(lib_a-strtod.o)
 *fill*         0x001277b3        0x1 
 .rodata.fpi.7277
                0x001277b4       0x14 c:/devkitpro/devkitarm/bin/../lib/gcc/arm-none-eabi/6.3.0/../../../../arm-none-eabi/lib/armv6k/fpu\libg.a(lib_a-strtod.o)
 .rodata.fpinan.7313
                0x001277c8       0x14 c:/devkitpro/devkitarm/bin/../lib/gcc/arm-none-eabi/6.3.0/../../../../arm-none-eabi/lib/armv6k/fpu\libg.a(lib_a-strtod.o)
 *fill*         0x001277dc        0x4 
 .rodata.tinytens
                0x001277e0       0x28 c:/devkitpro/devkitarm/bin/../lib/gcc/arm-none-eabi/6.3.0/../../../../arm-none-eabi/lib/armv6k/fpu\libg.a(lib_a-strtod.o)
 .rodata.__action_table
                0x00127808       0x6c c:/devkitpro/devkitarm/bin/../lib/gcc/arm-none-eabi/6.3.0/../../../../arm-none-eabi/lib/armv6k/fpu\libg.a(lib_a-svfiprintf.o)
                0x00127808                __action_table
 .rodata.__chclass
                0x00127874      0x100 c:/devkitpro/devkitarm/bin/../lib/gcc/arm-none-eabi/6.3.0/../../../../arm-none-eabi/lib/armv6k/fpu\libg.a(lib_a-svfiprintf.o)
                0x00127874                __chclass
 .rodata.__state_table
                0x00127974       0x6c c:/devkitpro/devkitarm/bin/../lib/gcc/arm-none-eabi/6.3.0/../../../../arm-none-eabi/lib/armv6k/fpu\libg.a(lib_a-svfiprintf.o)
                0x00127974                __state_table
 .rodata._ctype_
                0x001279e0      0x101 c:/devkitpro/devkitarm/bin/../lib/gcc/arm-none-eabi/6.3.0/../../../../arm-none-eabi/lib/armv6k/fpu\libg.a(lib_a-ctype_.o)
                0x001279e0                _ctype_
 *fill*         0x00127ae1        0x3 
 .rodata.__hexdig
                0x00127ae4      0x100 c:/devkitpro/devkitarm/bin/../lib/gcc/arm-none-eabi/6.3.0/../../../../arm-none-eabi/lib/armv6k/fpu\libg.a(lib_a-gdtoa-gethex.o)
                0x00127ae4                __hexdig
 .rodata.AddDevice.str1.4
                0x00127be4        0x8 c:/devkitpro/devkitarm/bin/../lib/gcc/arm-none-eabi/6.3.0/../../../../arm-none-eabi/lib/armv6k/fpu\libsysbase.a(iosupport.o)
 .rodata.dotab_stdnull
                0x00127bec       0x68 c:/devkitpro/devkitarm/bin/../lib/gcc/arm-none-eabi/6.3.0/../../../../arm-none-eabi/lib/armv6k/fpu\libsysbase.a(iosupport.o)
                0x00127bec                dotab_stdnull
 .rodata.DIRECTORY_PARENT
                0x00127c54        0x3 c:/devkitpro/devkitarm/bin/../lib/gcc/arm-none-eabi/6.3.0/../../../../arm-none-eabi/lib/armv6k/fpu\libsysbase.a(chdir.o)
                0x00127c54                DIRECTORY_PARENT
 *all.rodata*(*)
 *(.gnu.linkonce.r*)
                0x00127c58                . = ALIGN (0x4)
 *fill*         0x00127c57        0x1 

.eh_frame       0x00127c58        0x0
 .eh_frame      0x00127c58        0x0 c:/devkitpro/devkitarm/bin/../lib/gcc/arm-none-eabi/6.3.0/armv6k/fpu/crtbegin.o

.rel.dyn        0x00127c58        0x0
 .rel.iplt      0x00127c58        0x0 c:/devkitpro/devkitarm/bin/../lib/gcc/arm-none-eabi/6.3.0/../../../../arm-none-eabi/lib/armv6k/fpu/3dsx_crt0.o

.ARM.extab
 *(.ARM.extab* .gnu.linkonce.armextab.*)
                0x00127c58                __exidx_start = .

ARM.exidx
 *(.ARM.exidx* .gnu.linkonce.armexidx.*)
                0x00127c58                __exidx_end = .

.data           0x00128000     0x3034
 *(.data)
 .data          0x00128000       0x7c main.o
                0x00128000                asciiart
                0x00128004                specs
 .data          0x0012807c        0xc c:/devkitPro/libctru/lib\libctru.a(gfx.o)
 .data          0x00128088       0x51 c:/devkitPro/libctru/lib\libctru.a(console.o)
                0x00128088                defaultConsole
                0x001280d4                currentConsole
 *fill*         0x001280d9        0x3 
 .data          0x001280dc       0x68 c:/devkitPro/libctru/lib\libctru.a(romfs_dev.o)
 .data          0x00128144        0x4 c:/devkitPro/libctru/lib\libctru.a(apt.o)
 .data          0x00128148        0x4 c:/devkitPro/libctru/lib\libctru.a(gspgpu.o)
 .data          0x0012814c        0x4 c:/devkitPro/libctru/lib\libctru.a(stack_adjust.o)
                0x0012814c                __stacksize__
 .data          0x00128150        0x4 c:/devkitPro/libctru/lib\libctru.a(allocateHeaps.o)
                0x00128150                __ctru_linear_heap_size
 .data          0x00128154      0x46c c:/devkitPro/libctru/lib\libctru.a(sdmc_dev.o)
 *(.data.*)
 .data.__sfp_lock
                0x001285c0        0xc c:/devkitpro/devkitarm/bin/../lib/gcc/arm-none-eabi/6.3.0/../../../../arm-none-eabi/lib/armv6k/fpu\libg.a(lib_a-findfp.o)
 .data.__sinit_lock
                0x001285cc        0xc c:/devkitpro/devkitarm/bin/../lib/gcc/arm-none-eabi/6.3.0/../../../../arm-none-eabi/lib/armv6k/fpu\libg.a(lib_a-findfp.o)
 .data._impure_ptr
                0x001285d8        0x4 c:/devkitpro/devkitarm/bin/../lib/gcc/arm-none-eabi/6.3.0/../../../../arm-none-eabi/lib/armv6k/fpu\libg.a(lib_a-impure.o)
                0x001285d8                _impure_ptr
 *fill*         0x001285dc        0x4 
 .data.impure_data
                0x001285e0      0x460 c:/devkitpro/devkitarm/bin/../lib/gcc/arm-none-eabi/6.3.0/../../../../arm-none-eabi/lib/armv6k/fpu\libg.a(lib_a-impure.o)
 .data.__malloc_av_
                0x00128a40      0x408 c:/devkitpro/devkitarm/bin/../lib/gcc/arm-none-eabi/6.3.0/../../../../arm-none-eabi/lib/armv6k/fpu\libg.a(lib_a-mallocr.o)
                0x00128a40                __malloc_av_
 .data.__malloc_sbrk_base
                0x00128e48        0x4 c:/devkitpro/devkitarm/bin/../lib/gcc/arm-none-eabi/6.3.0/../../../../arm-none-eabi/lib/armv6k/fpu\libg.a(lib_a-mallocr.o)
                0x00128e48                __malloc_sbrk_base
 .data.__malloc_trim_threshold
                0x00128e4c        0x4 c:/devkitpro/devkitarm/bin/../lib/gcc/arm-none-eabi/6.3.0/../../../../arm-none-eabi/lib/armv6k/fpu\libg.a(lib_a-mallocr.o)
                0x00128e4c                __malloc_trim_threshold
 .data.__malloc_lock_object
                0x00128e50        0xc c:/devkitpro/devkitarm/bin/../lib/gcc/arm-none-eabi/6.3.0/../../../../arm-none-eabi/lib/armv6k/fpu\libg.a(lib_a-mlock.o)
 .data.__global_locale
                0x00128e5c      0x16c c:/devkitpro/devkitarm/bin/../lib/gcc/arm-none-eabi/6.3.0/../../../../arm-none-eabi/lib/armv6k/fpu\libg.a(lib_a-locale.o)
                0x00128e5c                __global_locale
 .data.defaultDevice
                0x00128fc8        0x4 c:/devkitpro/devkitarm/bin/../lib/gcc/arm-none-eabi/6.3.0/../../../../arm-none-eabi/lib/armv6k/fpu\libsysbase.a(iosupport.o)
 .data.devoptab_list
                0x00128fcc       0x40 c:/devkitpro/devkitarm/bin/../lib/gcc/arm-none-eabi/6.3.0/../../../../arm-none-eabi/lib/armv6k/fpu\libsysbase.a(iosupport.o)
                0x00128fcc                devoptab_list
 .data._current_working_directory
                0x0012900c     0x1000 c:/devkitpro/devkitarm/bin/../lib/gcc/arm-none-eabi/6.3.0/../../../../arm-none-eabi/lib/armv6k/fpu\libsysbase.a(chdir.o)
 .data.__hndl_lock
                0x0012a00c        0x4 c:/devkitpro/devkitarm/bin/../lib/gcc/arm-none-eabi/6.3.0/../../../../arm-none-eabi/lib/armv6k/fpu\libsysbase.a(handle_manager.o)
 .data.__stderr_handle
                0x0012a010        0xc c:/devkitpro/devkitarm/bin/../lib/gcc/arm-none-eabi/6.3.0/../../../../arm-none-eabi/lib/armv6k/fpu\libsysbase.a(handle_manager.o)
 .data.__stdin_handle
                0x0012a01c        0xc c:/devkitpro/devkitarm/bin/../lib/gcc/arm-none-eabi/6.3.0/../../../../arm-none-eabi/lib/armv6k/fpu\libsysbase.a(handle_manager.o)
 .data.__stdout_handle